Component: ARM Compiler 5.06 update 7 (build 960) Tool: armlink [4d3601]

==============================================================================

Section Cross References

    startup_stm32f407xx.o(STACK) refers (Special) to heapauxi.o(.text) for __use_two_region_memory
    startup_stm32f407xx.o(HEAP) refers (Special) to heapauxi.o(.text) for __use_two_region_memory
    startup_stm32f407xx.o(RESET) refers (Special) to heapauxi.o(.text) for __use_two_region_memory
    startup_stm32f407xx.o(RESET) refers to startup_stm32f407xx.o(STACK) for __initial_sp
    startup_stm32f407xx.o(RESET) refers to startup_stm32f407xx.o(.text) for Reset_Handler
    startup_stm32f407xx.o(RESET) refers to stm32f4xx_it.o(i.NMI_Handler) for NMI_Handler
    startup_stm32f407xx.o(RESET) refers to stm32f4xx_it.o(i.HardFault_Handler) for HardFault_Handler
    startup_stm32f407xx.o(RESET) refers to stm32f4xx_it.o(i.MemManage_Handler) for MemManage_Handler
    startup_stm32f407xx.o(RESET) refers to stm32f4xx_it.o(i.BusFault_Handler) for BusFault_Handler
    startup_stm32f407xx.o(RESET) refers to stm32f4xx_it.o(i.UsageFault_Handler) for UsageFault_Handler
    startup_stm32f407xx.o(RESET) refers to stm32f4xx_it.o(i.SVC_Handler) for SVC_Handler
    startup_stm32f407xx.o(RESET) refers to stm32f4xx_it.o(i.DebugMon_Handler) for DebugMon_Handler
    startup_stm32f407xx.o(RESET) refers to stm32f4xx_it.o(i.PendSV_Handler) for PendSV_Handler
    startup_stm32f407xx.o(RESET) refers to stm32f4xx_it.o(i.SysTick_Handler) for SysTick_Handler
    startup_stm32f407xx.o(RESET) refers to stm32f4xx_it.o(i.DMA1_Stream5_IRQHandler) for DMA1_Stream5_IRQHandler
    startup_stm32f407xx.o(RESET) refers to stm32f4xx_it.o(i.DMA1_Stream6_IRQHandler) for DMA1_Stream6_IRQHandler
    startup_stm32f407xx.o(RESET) refers to stm32f4xx_it.o(i.TIM2_IRQHandler) for TIM2_IRQHandler
    startup_stm32f407xx.o(RESET) refers to stm32f4xx_it.o(i.TIM4_IRQHandler) for TIM4_IRQHandler
    startup_stm32f407xx.o(RESET) refers to stm32f4xx_it.o(i.USART1_IRQHandler) for USART1_IRQHandler
    startup_stm32f407xx.o(RESET) refers to stm32f4xx_it.o(i.USART2_IRQHandler) for USART2_IRQHandler
    startup_stm32f407xx.o(RESET) refers to stm32f4xx_it.o(i.USART3_IRQHandler) for USART3_IRQHandler
    startup_stm32f407xx.o(RESET) refers to stm32f4xx_it.o(i.TIM5_IRQHandler) for TIM5_IRQHandler
    startup_stm32f407xx.o(.text) refers (Special) to heapauxi.o(.text) for __use_two_region_memory
    startup_stm32f407xx.o(.text) refers to system_stm32f4xx.o(i.SystemInit) for SystemInit
    startup_stm32f407xx.o(.text) refers to __main.o(!!!main) for __main
    startup_stm32f407xx.o(.text) refers to startup_stm32f407xx.o(HEAP) for Heap_Mem
    startup_stm32f407xx.o(.text) refers to startup_stm32f407xx.o(STACK) for Stack_Mem
    main.o(i.SystemClock_Config) refers to rt_memclr_w.o(.text) for __aeabi_memclr4
    main.o(i.SystemClock_Config) refers to stm32f4xx_hal_rcc.o(i.HAL_RCC_OscConfig) for HAL_RCC_OscConfig
    main.o(i.SystemClock_Config) refers to main.o(i.Error_Handler) for Error_Handler
    main.o(i.SystemClock_Config) refers to stm32f4xx_hal_rcc.o(i.HAL_RCC_ClockConfig) for HAL_RCC_ClockConfig
    main.o(i.main) refers to stm32f4xx_hal.o(i.HAL_Init) for HAL_Init
    main.o(i.main) refers to main.o(i.SystemClock_Config) for SystemClock_Config
    main.o(i.main) refers to gpio.o(i.MX_GPIO_Init) for MX_GPIO_Init
    main.o(i.main) refers to dma.o(i.MX_DMA_Init) for MX_DMA_Init
    main.o(i.main) refers to spi.o(i.MX_SPI1_Init) for MX_SPI1_Init
    main.o(i.main) refers to tim.o(i.MX_TIM4_Init) for MX_TIM4_Init
    main.o(i.main) refers to usart.o(i.MX_USART1_UART_Init) for MX_USART1_UART_Init
    main.o(i.main) refers to usart.o(i.MX_USART2_UART_Init) for MX_USART2_UART_Init
    main.o(i.main) refers to usart.o(i.MX_USART3_UART_Init) for MX_USART3_UART_Init
    main.o(i.main) refers to tim.o(i.MX_TIM2_Init) for MX_TIM2_Init
    main.o(i.main) refers to tim.o(i.MX_TIM5_Init) for MX_TIM5_Init
    main.o(i.main) refers to lcd_init.o(i.LCD_Init) for LCD_Init
    main.o(i.main) refers to lcd.o(i.LCD_Fill) for LCD_Fill
    main.o(i.main) refers to stm32f4xx_hal_uart.o(i.HAL_UART_Receive_DMA) for HAL_UART_Receive_DMA
    main.o(i.main) refers to stm32f4xx_hal_tim.o(i.HAL_TIM_PWM_Start) for HAL_TIM_PWM_Start
    main.o(i.main) refers to stm32f4xx_hal_gpio.o(i.HAL_GPIO_WritePin) for HAL_GPIO_WritePin
    main.o(i.main) refers to pwm.o(i.light_off) for light_off
    main.o(i.main) refers to stm32f4xx_hal_tim.o(i.HAL_TIM_Base_Start_IT) for HAL_TIM_Base_Start_IT
    main.o(i.main) refers to menu.o(i.main_menu) for main_menu
    main.o(i.main) refers to interrupt.o(.data) for USART1_NewData_1
    main.o(i.main) refers to usart.o(.bss) for huart2
    main.o(i.main) refers to tim.o(.bss) for htim4
    gpio.o(i.MX_GPIO_Init) refers to rt_memclr_w.o(.text) for __aeabi_memclr4
    gpio.o(i.MX_GPIO_Init) refers to stm32f4xx_hal_gpio.o(i.HAL_GPIO_WritePin) for HAL_GPIO_WritePin
[...]
    TIM_OC4_SetConfig                        0x08003b49   Thumb Code    74  stm32f4xx_hal_tim.o(i.TIM_OC4_SetConfig)
    i.TIM_TI1_ConfigInputStage               0x08003b9c   Section        0  stm32f4xx_hal_tim.o(i.TIM_TI1_ConfigInputStage)
    TIM_TI1_ConfigInputStage                 0x08003b9d   Thumb Code    38  stm32f4xx_hal_tim.o(i.TIM_TI1_ConfigInputStage)
    i.TIM_TI2_ConfigInputStage               0x08003bc2   Section        0  stm32f4xx_hal_tim.o(i.TIM_TI2_ConfigInputStage)
    TIM_TI2_ConfigInputStage                 0x08003bc3   Thumb Code    40  stm32f4xx_hal_tim.o(i.TIM_TI2_ConfigInputStage)
    i.Topic_1                                0x08003bec   Section        0  topic.o(i.Topic_1)
    i.Topic_2                                0x08003fbc   Section        0  topic.o(i.Topic_2)
    i.Topic_4                                0x080056cc   Section        0  topic.o(i.Topic_4)
    i.Topic_5                                0x08007f48   Section        0  topic.o(i.Topic_5)
    i.Topic_6                                0x0800a720   Section        0  topic.o(i.Topic_6)
    i.UART_DMAAbortOnError                   0x0800a7ac   Section        0  stm32f4xx_hal_uart.o(i.UART_DMAAbortOnError)
    UART_DMAAbortOnError                     0x0800a7ad   Thumb Code    20  stm32f4xx_hal_uart.o(i.UART_DMAAbortOnError)
    i.UART_DMAError                          0x0800a7c0   Section        0  stm32f4xx_hal_uart.o(i.UART_DMAError)
    UART_DMAError                            0x0800a7c1   Thumb Code    80  stm32f4xx_hal_uart.o(i.UART_DMAError)
    i.UART_DMAReceiveCplt                    0x0800a810   Section        0  stm32f4xx_hal_uart.o(i.UART_DMAReceiveCplt)
    UART_DMAReceiveCplt                      0x0800a811   Thumb Code   180  stm32f4xx_hal_uart.o(i.UART_DMAReceiveCplt)
    i.UART_DMARxHalfCplt                     0x0800a8c4   Section        0  stm32f4xx_hal_uart.o(i.UART_DMARxHalfCplt)
    UART_DMARxHalfCplt                       0x0800a8c5   Thumb Code    36  stm32f4xx_hal_uart.o(i.UART_DMARxHalfCplt)
    i.UART_EndRxTransfer                     0x0800a8e8   Section        0  stm32f4xx_hal_uart.o(i.UART_EndRxTransfer)
    UART_EndRxTransfer                       0x0800a8e9   Thumb Code   108  stm32f4xx_hal_uart.o(i.UART_EndRxTransfer)
    i.UART_EndTransmit_IT                    0x0800a954   Section        0  stm32f4xx_hal_uart.o(i.UART_EndTransmit_IT)
    UART_EndTransmit_IT                      0x0800a955   Thumb Code    32  stm32f4xx_hal_uart.o(i.UART_EndTransmit_IT)
    i.UART_EndTxTransfer                     0x0800a974   Section        0  stm32f4xx_hal_uart.o(i.UART_EndTxTransfer)
    UART_EndTxTransfer                       0x0800a975   Thumb Code    38  stm32f4xx_hal_uart.o(i.UART_EndTxTransfer)
    i.UART_Receive_IT                        0x0800a99a   Section        0  stm32f4xx_hal_uart.o(i.UART_Receive_IT)
    UART_Receive_IT                          0x0800a99b   Thumb Code   252  stm32f4xx_hal_uart.o(i.UART_Receive_IT)
    i.UART_SetConfig                         0x0800aa98   Section        0  stm32f4xx_hal_uart.o(i.UART_SetConfig)
    UART_SetConfig                           0x0800aa99   Thumb Code   546  stm32f4xx_hal_uart.o(i.UART_SetConfig)
    i.UART_Start_Receive_DMA                 0x0800acc4   Section        0  stm32f4xx_hal_uart.o(i.UART_Start_Receive_DMA)
    i.UART_Transmit_IT                       0x0800ad8c   Section        0  stm32f4xx_hal_uart.o(i.UART_Transmit_IT)
    UART_Transmit_IT                         0x0800ad8d   Thumb Code    96  stm32f4xx_hal_uart.o(i.UART_Transmit_IT)
    i.USART1_IRQHandler                      0x0800adec   Section        0  stm32f4xx_it.o(i.USART1_IRQHandler)
    i.USART2_IRQHandler                      0x0800adfc   Section        0  stm32f4xx_it.o(i.USART2_IRQHandler)
    i.USART3_IRQHandler                      0x0800ae0c   Section        0  stm32f4xx_it.o(i.USART3_IRQHandler)
    i.UsageFault_Handler                     0x0800ae1c   Section        0  stm32f4xx_it.o(i.UsageFault_Handler)
    i.__NVIC_GetPriorityGrouping             0x0800ae20   Section        0  stm32f4xx_hal_cortex.o(i.__NVIC_GetPriorityGrouping)
    __NVIC_GetPriorityGrouping               0x0800ae21   Thumb Code    10  stm32f4xx_hal_cortex.o(i.__NVIC_GetPriorityGrouping)
    i.__NVIC_SetPriority                     0x0800ae30   Section        0  stm32f4xx_hal_cortex.o(i.__NVIC_SetPriority)
    __NVIC_SetPriority                       0x0800ae31   Thumb Code    32  stm32f4xx_hal_cortex.o(i.__NVIC_SetPriority)
    i.checkWin                               0x0800ae58   Section        0  ds.o(i.checkWin)
    i.chess_reset                            0x0800aebc   Section        0  pwm.o(i.chess_reset)
    i.findBestMove                           0x0800af30   Section        0  ds.o(i.findBestMove)
    i.find_mischess                          0x0800af80   Section        0  chess.o(i.find_mischess)
    i.isBoardFull                            0x0800b020   Section        0  ds.o(i.isBoardFull)
    i.key_button                             0x0800b03c   Section        0  key.o(i.key_button)
    i.light_off                              0x0800b15c   Section        0  pwm.o(i.light_off)
    i.light_on                               0x0800b170   Section        0  pwm.o(i.light_on)
    i.main                                   0x0800b184   Section        0  main.o(i.main)
    i.main_menu                              0x0800b278   Section        0  menu.o(i.main_menu)
    i.max                                    0x0800bd00   Section        0  ds.o(i.max)
    i.min                                    0x0800bd0e   Section        0  ds.o(i.min)
    i.minimax                                0x0800bd1c   Section        0  ds.o(i.minimax)
    i.mypow                                  0x0800be20   Section        0  lcd.o(i.mypow)
    i.qipan_full                             0x0800be38   Section        0  chess.o(i.qipan_full)
    i.qipan_his                              0x0800bf8c   Section        0  chess.o(i.qipan_his)
    i.qipan_rectify                          0x0800bfd0   Section        0  chess.o(i.qipan_rectify)
    i.qipan_true                             0x0800c070   Section        0  chess.o(i.qipan_true)
    i.release_chess                          0x0800c118   Section        0  pwm.o(i.release_chess)
    i.release_it                             0x0800c1d0   Section        0  pwm.o(i.release_it)
    i.reset_all                              0x0800c1e4   Section        0  pwm.o(i.reset_all)
    i.servo_down                             0x0800c504   Section        0  pwm.o(i.servo_down)
    i.servo_up                               0x0800c514   Section        0  pwm.o(i.servo_up)
    i.take_chess                             0x0800c524   Section        0  pwm.o(i.take_chess)
    i.take_it                                0x0800c5dc   Section        0  pwm.o(i.take_it)
    i.x_move                                 0x0800c5f0   Section        0  pwm.o(i.x_move)
    i.y_move                                 0x0800c6dc   Section        0  pwm.o(i.y_move)
    x$fpl$fpinit                             0x0800c798   Section       10  fpinit.o(x$fpl$fpinit)
    $v0                                      0x0800c798   Number         0  fpinit.o(x$fpl$fpinit)
    .constdata                               0x0800c7a2   Section        8  stm32f4xx_hal_dma.o(.constdata)
    flagBitshiftOffset                       0x0800c7a2   Data           8  stm32f4xx_hal_dma.o(.constdata)
    .constdata                               0x0800c7aa   Section       24  system_stm32f4xx.o(.constdata)
    .constdata                               0x0800c7c2   Section    14620  lcd.o(.constdata)
    .constdata                               0x080100e0   Section       96  ds.o(.constdata)
    .data                                    0x20000000   Section        9  stm32f4xx_hal.o(.data)
    .data                                    0x2000000c   Section        4  system_stm32f4xx.o(.data)
    .data                                    0x20000010   Section       16  menu.o(.data)
    .data                                    0x20000020   Section      364  interrupt.o(.data)
    .data                                    0x2000018c   Section      140  pwm.o(.data)
    .data                                    0x20000218   Section       32  chess.o(.data)
    .data                                    0x20000238   Section        8  topic.o(.data)
    .bss                                     0x20000240   Section       88  spi.o(.bss)
    .bss                                     0x20000298   Section      216  tim.o(.bss)
    .bss                                     0x20000370   Section      408  usart.o(.bss)
    .bss                                     0x20000508   Section       40  key.o(.bss)
    .bss                                     0x20000530   Section     1576  interrupt.o(.bss)
    .bss                                     0x20000b58   Section       96  libspace.o(.bss)
    HEAP                                     0x20000bb8   Section      512  startup_stm32f407xx.o(HEAP)
    Heap_Mem                                 0x20000bb8   Data         512  startup_stm32f407xx.o(HEAP)
    STACK                                    0x20000db8   Section     1024  startup_stm32f407xx.o(STACK)
    Stack_Mem                                0x20000db8   Data        1024  startup_stm32f407xx.o(STACK)
    __initial_sp                             0x200011b8   Data           0  startup_stm32f407xx.o(STACK)

    Global Symbols

    Symbol Name                              Value     Ov Type        Size  Object(Section)

    BuildAttributes$$THM_ISAv4$E$P$D$K$B$S$7EM$VFPi3$EXTD16$VFPS$VFMA$PE$A:L22UL41UL21$X:L11$S22US41US21$IEEE1$IW$USESV6$~STKCKD$USESV7$~SHL$OTIME$ROPI$EBA8$UX$STANDARDLIB$REQ8$PRES8$EABIv2 0x00000000   Number         0  anon$$obj.o ABSOLUTE
    __ARM_use_no_argv                        0x00000000   Number         0  main.o ABSOLUTE
    __ARM_exceptions_init                     - Undefined Weak Reference
    __alloca_initialize                       - Undefined Weak Reference
    __arm_fini_                               - Undefined Weak Reference
    __arm_preinit_                            - Undefined Weak Reference
    __cpp_initialize__aeabi_                  - Undefined Weak Reference
    __cxa_finalize                            - Undefined Weak Reference
    __rt_locale                               - Undefined Weak Reference
    __sigvec_lookup                           - Undefined Weak Reference
    __user_heap_extent                        - Undefined Weak Reference
    _atexit_init                              - Undefined Weak Reference
    _call_atexit_fns                          - Undefined Weak Reference
    _clock_init                               - Undefined Weak Reference
    _fp_trap_init                             - Undefined Weak Reference
    _fp_trap_shutdown                         - Undefined Weak Reference
    _get_lc_collate                           - Undefined Weak Reference
    _get_lc_ctype                             - Undefined Weak Reference
    _get_lc_monetary                          - Undefined Weak Reference
    _get_lc_numeric                           - Undefined Weak Reference
    _get_lc_time                              - Undefined Weak Reference
    _getenv_init                              - Undefined Weak Reference
    _handle_redirection                       - Undefined Weak Reference
    _mutex_acquire                            - Undefined Weak Reference
    _mutex_free                               - Undefined Weak Reference
    _mutex_release                            - Undefined Weak Reference
    _printf_post_padding                      - Undefined Weak Reference
    _printf_pre_padding                       - Undefined Weak Reference
    _printf_truncate_signed                   - Undefined Weak Reference
    _printf_truncate_unsigned                 - Undefined Weak Reference
    _rand_init                                - Undefined Weak Reference
    _signal_finish                            - Undefined Weak Reference
    _signal_init                              - Undefined Weak Reference
    __Vectors_Size                           0x00000188   Number         0  startup_stm32f407xx.o ABSOLUTE
    __Vectors                                0x08000000   Data           4  startup_stm32f407xx.o(RESET)
    __Vectors_End                            0x08000188   Data           0  startup_stm32f407xx.o(RESET)
    __main                                   0x08000189   Thumb Code     8  __main.o(!!!main)
    __scatterload                            0x08000191   Thumb Code     0  __scatter.o(!!!scatter)
    __scatterload_rt2                        0x08000191   Thumb Code    44  __scatter.o(!!!scatter)
    __scatterload_rt2_thumb_only             0x08000191   Thumb Code     0  __scatter.o(!!!scatter)
    __scatterload_null                       0x0800019f   Thumb Code     0  __scatter.o(!!!scatter)
    __decompress                             0x080001c5   Thumb Code    58  __dczerorl.o(!!dczerorl)
    __decompress0                            0x080001c5   Thumb Code     0  __dczerorl.o(!!dczerorl)
    __scatterload_zeroinit                   0x08000201   Thumb Code    28  __scatter_zi.o(!!handler_zi)
    __rt_lib_init                            0x0800021d   Thumb Code     0  libinit.o(.ARM.Collect$$libinit$$00000000)
    __rt_lib_init_fp_1                       0x0800021f   Thumb Code     0  libinit2.o(.ARM.Collect$$libinit$$00000001)
    __rt_lib_init_alloca_1                   0x08000223   Thumb Code     0  libinit2.o(.ARM.Collect$$libinit$$0000002E)
    __rt_lib_init_argv_1                     0x08000223   Thumb Code     0  libinit2.o(.ARM.Collect$$libinit$$0000002C)
    __rt_lib_init_atexit_1                   0x08000223   Thumb Code     0  libinit2.o(.ARM.Collect$$libinit$$0000001B)
    __rt_lib_init_clock_1                    0x08000223   Thumb Code     0  libinit2.o(.ARM.Collect$$libinit$$00000021)
    __rt_lib_init_cpp_1                      0x08000223   Thumb Code     0  libinit2.o(.ARM.Collect$$libinit$$00000032)
    __rt_lib_init_exceptions_1               0x08000223   Thumb Code     0  libinit2.o(.ARM.Collect$$libinit$$00000030)
    __rt_lib_init_fp_trap_1                  0x08000223   Thumb Code     0  libinit2.o(.ARM.Collect$$libinit$$0000001F)
    __rt_lib_init_getenv_1                   0x08000223   Thumb Code     0  libinit2.o(.ARM.Collect$$libinit$$00000023)
    __rt_lib_init_heap_1                     0x08000223   Thumb Code     0  libinit2.o(.ARM.Collect$$libinit$$0000000A)
    __rt_lib_init_lc_collate_1               0x08000223   Thumb Code     0  libinit2.o(.ARM.Collect$$libinit$$00000011)
    __rt_lib_init_lc_ctype_1                 0x08000223   Thumb Code     0  libinit2.o(.ARM.Collect$$libinit$$00000013)
    __rt_lib_init_lc_monetary_1              0x08000223   Thumb Code     0  libinit2.o(.ARM.Collect$$libinit$$00000015)
    __rt_lib_init_lc_numeric_1               0x08000223   Thumb Code     0  libinit2.o(.ARM.Collect$$libinit$$00000017)
    __rt_lib_init_lc_time_1                  0x08000223   Thumb Code     0  libinit2.o(.ARM.Collect$$libinit$$00000019)
    __rt_lib_init_preinit_1                  0x08000223   Thumb Code     0  libinit2.o(.ARM.Collect$$libinit$$00000004)
    __rt_lib_init_rand_1                     0x08000223   Thumb Code     0  libinit2.o(.ARM.Collect$$libinit$$0000000E)
    __rt_lib_init_return                     0x08000223   Thumb Code     0  libinit2.o(.ARM.Collect$$libinit$$00000033)
    __rt_lib_init_signal_1                   0x08000223   Thumb Code     0  libinit2.o(.ARM.Collect$$libinit$$0000001D)
    __rt_lib_init_stdio_1                    0x08000223   Thumb Code     0  libinit2.o(.ARM.Collect$$libinit$$00000025)
    __rt_lib_init_user_alloc_1               0x08000223   Thumb Code     0  libinit2.o(.ARM.Collect$$libinit$$0000000C)
    __rt_lib_shutdown                        0x08000225   Thumb Code     0  libshutdown.o(.ARM.Collect$$libshutdown$$00000000)
    __rt_lib_shutdown_cpp_1                  0x08000227   Thumb Code     0  libshutdown2.o(.ARM.Collect$$libshutdown$$00000004)
    __rt_lib_shutdown_fini_1                 0x08000227   Thumb Code     0  libshutdown2.o(.ARM.Collect$$libshutdown$$00000002)
    __rt_lib_shutdown_fp_trap_1              0x08000227   Thumb Code     0  libshutdown2.o(.ARM.Collect$$libshutdown$$00000009)
    __rt_lib_shutdown_heap_1                 0x08000227   Thumb Code     0  libshutdown2.o(.ARM.Collect$$libshutdown$$00000011)
    __rt_lib_shutdown_return                 0x08000227   Thumb Code     0  libshutdown2.o(.ARM.Collect$$libshutdown$$00000012)
    __rt_lib_shutdown_signal_1               0x08000227   Thumb Code     0  libshutdown2.o(.ARM.Collect$$libshutdown$$0000000C)
    __rt_lib_shutdown_stdio_1                0x08000227   Thumb Code     0  libshutdown2.o(.ARM.Collect$$libshutdown$$00000006)
    __rt_lib_shutdown_user_alloc_1           0x08000227   Thumb Code     0  libshutdown2.o(.ARM.Collect$$libshutdown$$0000000E)
    __rt_entry                               0x08000229   Thumb Code     0  __rtentry.o(.ARM.Collect$$rtentry$$00000000)
    __rt_entry_presh_1                       0x08000229   Thumb Code     0  __rtentry2.o(.ARM.Collect$$rtentry$$00000002)
    __rt_entry_sh                            0x08000229   Thumb Code     0  __rtentry4.o(.ARM.Collect$$rtentry$$00000004)
    __rt_entry_li                            0x0800022f   Thumb Code     0  __rtentry2.o(.ARM.Collect$$rtentry$$0000000A)
    __rt_entry_postsh_1                      0x0800022f   Thumb Code     0  __rtentry2.o(.ARM.Collect$$rtentry$$00000009)
    __rt_entry_main                          0x08000233   Thumb Code     0  __rtentry2.o(.ARM.Collect$$rtentry$$0000000D)
    __rt_entry_postli_1                      0x08000233   Thumb Code     0  __rtentry2.o(.ARM.Collect$$rtentry$$0000000C)
    __rt_exit                                0x0800023b   Thumb Code     0  rtexit.o(.ARM.Collect$$rtexit$$00000000)
    __rt_exit_ls                             0x0800023d   Thumb Code     0  rtexit2.o(.ARM.Collect$$rtexit$$00000003)
    __rt_exit_prels_1                        0x0800023d   Thumb Code     0  rtexit2.o(.ARM.Collect$$rtexit$$00000002)
    __rt_exit_exit                           0x08000241   Thumb Code     0  rtexit2.o(.ARM.Collect$$rtexit$$00000004)
    Reset_Handler                            0x08000249   Thumb Code     8  startup_stm32f407xx.o(.text)
    ADC_IRQHandler                           0x08000263   Thumb Code     0  startup_stm32f407xx.o(.text)
    CAN1_RX0_IRQHandler                      0x08000263   Thumb Code     0  startup_stm32f407xx.o(.text)
    CAN1_RX1_IRQHandler                      0x08000263   Thumb Code     0  startup_stm32f407xx.o(.text)
    CAN1_SCE_IRQHandler                      0x08000263   Thumb Code     0  startup_stm32f407xx.o(.text)
    CAN1_TX_IRQHandler                       0x08000263   Thumb Code     0  startup_stm32f407xx.o(.text)
    CAN2_RX0_IRQHandler                      0x08000263   Thumb Code     0  startup_stm32f407xx.o(.text)
    CAN2_RX1_IRQHandler                      0x08000263   Thumb Code     0  startup_stm32f407xx.o(.text)
    CAN2_SCE_IRQHandler                      0x08000263   Thumb Code     0  startup_stm32f407xx.o(.text)
    CAN2_TX_IRQHandler                       0x08000263   Thumb Code     0  startup_stm32f407xx.o(.text)
    DCMI_IRQHandler                          0x08000263   Thumb Code     0  startup_stm32f407xx.o(.text)
    DMA1_Stream0_IRQHandler                  0x08000263   Thumb Code     0  startup_stm32f407xx.o(.text)
    DMA1_Stream1_IRQHandler                  0x08000263   Thumb Code     0  startup_stm32f407xx.o(.text)
    DMA1_Stream2_IRQHandler                  0x08000263   Thumb Code     0  startup_stm32f407xx.o(.text)
    DMA1_Stream3_IRQHandler                  0x08000263   Thumb Code     0  startup_stm32f407xx.o(.text)
    DMA1_Stream4_IRQHandler                  0x08000263   Thumb Code     0  startup_stm32f407xx.o(.text)
    DMA1_Stream7_IRQHandler                  0x08000263   Thumb Code     0  startup_stm32f407xx.o(.text)
    DMA2_Stream0_IRQHandler                  0x08000263   Thumb Code     0  startup_stm32f407xx.o(.text)
    DMA2_Stream1_IRQHandler                  0x08000263   Thumb Code     0  startup_stm32f407xx.o(.text)
    DMA2_Stream2_IRQHandler                  0x08000263   Thumb Code     0  startup_stm32f407xx.o(.text)
    DMA2_Stream3_IRQHandler                  0x08000263   Thumb Code     0  startup_stm32f407xx.o(.text)
    DMA2_Stream4_IRQHandler                  0x08000263   Thumb Code     0  startup_stm32f407xx.o(.text)
    DMA2_Stream5_IRQHandler                  0x08000263   Thumb Code     0  startup_stm32f407xx.o(.text)
    DMA2_Stream6_IRQHandler                  0x08000263   Thumb Code     0  startup_stm32f407xx.o(.text)
    DMA2_Stream7_IRQHandler                  0x08000263   Thumb Code     0  startup_stm32f407xx.o(.text)
    ETH_IRQHandler                           0x08000263   Thumb Code     0  startup_stm32f407xx.o(.text)
    ETH_WKUP_IRQHandler                      0x08000263   Thumb Code     0  startup_stm32f407xx.o(.text)
    EXTI0_IRQHandler                         0x08000263   Thumb Code     0  startup_stm32f407xx.o(.text)
    EXTI15_10_IRQHandler                     0x08000263   Thumb Code     0  startup_stm32f407xx.o(.text)
    EXTI1_IRQHandler                         0x08000263   Thumb Code     0  startup_stm32f407xx.o(.text)
    EXTI2_IRQHandler                         0x08000263   Thumb Code     0  startup_stm32f407xx.o(.text)
    EXTI3_IRQHandler                         0x08000263   Thumb Code     0  startup_stm32f407xx.o(.text)
    EXTI4_IRQHandler                         0x08000263   Thumb Code     0  startup_stm32f407xx.o(.text)
    EXTI9_5_IRQHandler                       0x08000263   Thumb Code     0  startup_stm32f407xx.o(.text)
    FLASH_IRQHandler                         0x08000263   Thumb Code     0  startup_stm32f407xx.o(.text)
    FMC_IRQHandler                           0x08000263   Thumb Code     0  startup_stm32f407xx.o(.text)
    FPU_IRQHandler                           0x08000263   Thumb Code     0  startup_stm32f407xx.o(.text)
    HASH_RNG_IRQHandler                      0x08000263   Thumb Code     0  startup_stm32f407xx.o(.text)
    I2C1_ER_IRQHandler                       0x08000263   Thumb Code     0  startup_stm32f407xx.o(.text)
    I2C1_EV_IRQHandler                       0x08000263   Thumb Code     0  startup_stm32f407xx.o(.text)
    I2C2_ER_IRQHandler                       0x08000263   Thumb Code     0  startup_stm32f407xx.o(.text)
    I2C2_EV_IRQHandler                       0x08000263   Thumb Code     0  startup_stm32f407xx.o(.text)
    I2C3_ER_IRQHandler                       0x08000263   Thumb Code     0  startup_stm32f407xx.o(.text)
    I2C3_EV_IRQHandler                       0x08000263   Thumb Code     0  startup_stm32f407xx.o(.text)
    OTG_FS_IRQHandler                        0x08000263   Thumb Code     0  startup_stm32f407xx.o(.text)
    OTG_FS_WKUP_IRQHandler                   0x08000263   Thumb Code     0  startup_stm32f407xx.o(.text)
    OTG_HS_EP1_IN_IRQHandler                 0x08000263   Thumb Code     0  startup_stm32f407xx.o(.text)
    OTG_HS_EP1_OUT_IRQHandler                0x08000263   Thumb Code     0  startup_stm32f407xx.o(.text)
    OTG_HS_IRQHandler                        0x08000263   Thumb Code     0  startup_stm32f407xx.o(.text)
    OTG_HS_WKUP_IRQHandler                   0x08000263   Thumb Code     0  startup_stm32f407xx.o(.text)
    PVD_IRQHandler                           0x08000263   Thumb Code     0  startup_stm32f407xx.o(.text)
    RCC_IRQHandler                           0x08000263   Thumb Code     0  startup_stm32f407xx.o(.text)
    RTC_Alarm_IRQHandler                     0x08000263   Thumb Code     0  startup_stm32f407xx.o(.text)
    RTC_WKUP_IRQHandler                      0x08000263   Thumb Code     0  startup_stm32f407xx.o(.text)
    SDIO_IRQHandler                          0x08000263   Thumb Code     0  startup_stm32f407xx.o(.text)
    SPI1_IRQHandler                          0x08000263   Thumb Code     0  startup_stm32f407xx.o(.text)
    SPI2_IRQHandler                          0x08000263   Thumb Code     0  startup_stm32f407xx.o(.text)
    SPI3_IRQHandler                          0x08000263   Thumb Code     0  startup_stm32f407xx.o(.text)
    TAMP_STAMP_IRQHandler                    0x08000263   Thumb Code     0  startup_stm32f407xx.o(.text)
    TIM1_BRK_TIM9_IRQHandler                 0x08000263   Thumb Code     0  startup_stm32f407xx.o(.text)
    TIM1_CC_IRQHandler                       0x08000263   Thumb Code     0  startup_stm32f407xx.o(.text)
    TIM1_TRG_COM_TIM11_IRQHandler            0x08000263   Thumb Code     0  startup_stm32f407xx.o(.text)
    TIM1_UP_TIM10_IRQHandler                 0x08000263   Thumb Code     0  startup_stm32f407xx.o(.text)
    TIM3_IRQHandler                          0x08000263   Thumb Code     0  startup_stm32f407xx.o(.text)
    TIM6_DAC_IRQHandler                      0x08000263   Thumb Code     0  startup_stm32f407xx.o(.text)
    TIM7_IRQHandler                          0x08000263   Thumb Code     0  startup_stm32f407xx.o(.text)
    TIM8_BRK_TIM12_IRQHandler                0x08000263   Thumb Code     0  startup_stm32f407xx.o(.text)
    TIM8_CC_IRQHandler                       0x08000263   Thumb Code     0  startup_stm32f407xx.o(.text)
    TIM8_TRG_COM_TIM14_IRQHandler            0x08000263   Thumb Code     0  startup_stm32f407xx.o(.text)
    TIM8_UP_TIM13_IRQHandler                 0x08000263   Thumb Code     0  startup_stm32f407xx.o(.text)
    UART4_IRQHandler                         0x08000263   Thumb Code     0  startup_stm32f407xx.o(.text)
    UART5_IRQHandler                         0x08000263   Thumb Code     0  startup_stm32f407xx.o(.text)
    USART6_IRQHandler                        0x08000263   Thumb Code     0  startup_stm32f407xx.o(.text)
    WWDG_IRQHandler                          0x08000263   Thumb Code     0  startup_stm32f407xx.o(.text)
    __user_initial_stackheap                 0x08000265   Thumb Code     0  startup_stm32f407xx.o(.text)
    __aeabi_uldivmod                         0x08000289   Thumb Code     0  lludivv7m.o(.text)
    _ll_udiv                                 0x08000289   Thumb Code   238  lludivv7m.o(.text)
    __aeabi_memcpy4                          0x08000377   Thumb Code     0  rt_memcpy_w.o(.text)
    __aeabi_memcpy8                          0x08000377   Thumb Code     0  rt_memcpy_w.o(.text)
    __rt_memcpy_w                            0x08000377   Thumb Code   100  rt_memcpy_w.o(.text)
    _memcpy_lastbytes_aligned                0x080003bf   Thumb Code     0  rt_memcpy_w.o(.text)
    __aeabi_memclr4                          0x080003db   Thumb Code     0  rt_memclr_w.o(.text)
    __aeabi_memclr8                          0x080003db   Thumb Code     0  rt_memclr_w.o(.text)
    __rt_memclr_w                            0x080003db   Thumb Code    78  rt_memclr_w.o(.text)
    _memset_w                                0x080003df   Thumb Code     0  rt_memclr_w.o(.text)
    __use_two_region_memory                  0x08000429   Thumb Code     2  heapauxi.o(.text)
    __rt_heap_escrow                         0x0800042b   Thumb Code     2  heapauxi.o(.text)
    __rt_heap_expand                         0x0800042d   Thumb Code     2  heapauxi.o(.text)
    __user_setup_stackheap                   0x0800042f   Thumb Code    74  sys_stackheap_outer.o(.text)
    exit                                     0x08000479   Thumb Code    18  exit.o(.text)
    __user_libspace                          0x0800048d   Thumb Code     8  libspace.o(.text)
    __user_perproc_libspace                  0x0800048d   Thumb Code     0  libspace.o(.text)
    __user_perthread_libspace                0x0800048d   Thumb Code     0  libspace.o(.text)
    __I$use$semihosting                      0x08000495   Thumb Code     0  use_no_semi.o(.text)
    __use_no_semihosting_swi                 0x08000495   Thumb Code     2  use_no_semi.o(.text)
    __semihosting_library_function           0x08000497   Thumb Code     0  indicate_semi.o(.text)
    _sys_exit                                0x08000499   Thumb Code     8  sys_exit.o(.text)
    BusFault_Handler                         0x080004a5   Thumb Code     4  stm32f4xx_it.o(i.BusFault_Handler)
    DMA1_Stream5_IRQHandler                  0x080004a9   Thumb Code    10  stm32f4xx_it.o(i.DMA1_Stream5_IRQHandler)
    DMA1_Stream6_IRQHandler                  0x080004b9   Thumb Code    10  stm32f4xx_it.o(i.DMA1_Stream6_IRQHandler)
    DebugMon_Handler                         0x080005d3   Thumb Code     2  stm32f4xx_it.o(i.DebugMon_Handler)
    Error_Handler                            0x080005d5   Thumb Code     6  main.o(i.Error_Handler)
    HAL_DMA_Abort                            0x080005db   Thumb Code   172  stm32f4xx_hal_dma.o(i.HAL_DMA_Abort)
    HAL_DMA_Abort_IT                         0x08000687   Thumb Code    40  stm32f4xx_hal_dma.o(i.HAL_DMA_Abort_IT)
    HAL_DMA_IRQHandler                       0x080006b1   Thumb Code   570  stm32f4xx_hal_dma.o(i.HAL_DMA_IRQHandler)
    HAL_DMA_Init                             0x080008f1   Thumb Code   232  stm32f4xx_hal_dma.o(i.HAL_DMA_Init)
    HAL_DMA_Start_IT                         0x080009dd   Thumb Code   146  stm32f4xx_hal_dma.o(i.HAL_DMA_Start_IT)
    HAL_Delay                                0x08000a71   Thumb Code    36  stm32f4xx_hal.o(i.HAL_Delay)
    HAL_GPIO_Init                            0x08000a99   Thumb Code   454  stm32f4xx_hal_gpio.o(i.HAL_GPIO_Init)
    HAL_GPIO_ReadPin                         0x08000c8d   Thumb Code    16  stm32f4xx_hal_gpio.o(i.HAL_GPIO_ReadPin)
    HAL_GPIO_TogglePin                       0x08000c9d   Thumb Code    20  stm32f4xx_hal_gpio.o(i.HAL_GPIO_TogglePin)
    HAL_GPIO_WritePin                        0x08000cb1   Thumb Code    12  stm32f4xx_hal_gpio.o(i.HAL_GPIO_WritePin)
    HAL_GetTick                              0x08000cbd   Thumb Code     6  stm32f4xx_hal.o(i.HAL_GetTick)
    HAL_IncTick                              0x08000cc9   Thumb Code    16  stm32f4xx_hal.o(i.HAL_IncTick)
    HAL_Init                                 0x08000ce1   Thumb Code    54  stm32f4xx_hal.o(i.HAL_Init)
    HAL_InitTick                             0x08000d1d   Thumb Code    64  stm32f4xx_hal.o(i.HAL_InitTick)
    HAL_MspInit                              0x08000d69   Thumb Code    68  stm32f4xx_hal_msp.o(i.HAL_MspInit)
    HAL_NVIC_EnableIRQ                       0x08000db1   Thumb Code    40  stm32f4xx_hal_cortex.o(i.HAL_NVIC_EnableIRQ)
    HAL_NVIC_SetPriority                     0x08000dd9   Thumb Code   124  stm32f4xx_hal_cortex.o(i.HAL_NVIC_SetPriority)
    HAL_NVIC_SetPriorityGrouping             0x08000e55   Thumb Code    32  stm32f4xx_hal_cortex.o(i.HAL_NVIC_SetPriorityGrouping)
    HAL_RCC_ClockConfig                      0x08000e7d   Thumb Code   368  stm32f4xx_hal_rcc.o(i.HAL_RCC_ClockConfig)
    HAL_RCC_GetHCLKFreq                      0x08001001   Thumb Code     6  stm32f4xx_hal_rcc.o(i.HAL_RCC_GetHCLKFreq)
    HAL_RCC_GetPCLK1Freq                     0x0800100d   Thumb Code    22  stm32f4xx_hal_rcc.o(i.HAL_RCC_GetPCLK1Freq)
    HAL_RCC_GetPCLK2Freq                     0x0800102d   Thumb Code    22  stm32f4xx_hal_rcc.o(i.HAL_RCC_GetPCLK2Freq)
    HAL_RCC_GetSysClockFreq                  0x0800104d   Thumb Code   162  stm32f4xx_hal_rcc.o(i.HAL_RCC_GetSysClockFreq)
    HAL_RCC_OscConfig                        0x080010fd   Thumb Code  1172  stm32f4xx_hal_rcc.o(i.HAL_RCC_OscConfig)
    HAL_SPI_Init                             0x08001599   Thumb Code   200  stm32f4xx_hal_spi.o(i.HAL_SPI_Init)
    HAL_SPI_MspInit                          0x08001661   Thumb Code   122  spi.o(i.HAL_SPI_MspInit)
    HAL_SPI_Transmit                         0x080016e9   Thumb Code   444  stm32f4xx_hal_spi.o(i.HAL_SPI_Transmit)
    HAL_SYSTICK_Config                       0x080018a5   Thumb Code    52  stm32f4xx_hal_cortex.o(i.HAL_SYSTICK_Config)
    HAL_TIMEx_BreakCallback                  0x080018d9   Thumb Code     2  stm32f4xx_hal_tim_ex.o(i.HAL_TIMEx_BreakCallback)
    HAL_TIMEx_CommutCallback                 0x080018db   Thumb Code     2  stm32f4xx_hal_tim_ex.o(i.HAL_TIMEx_CommutCallback)
    HAL_TIMEx_MasterConfigSynchronization    0x080018dd   Thumb Code   150  stm32f4xx_hal_tim_ex.o(i.HAL_TIMEx_MasterConfigSynchronization)
    HAL_TIM_Base_Init                        0x08001991   Thumb Code   102  stm32f4xx_hal_tim.o(i.HAL_TIM_Base_Init)
    HAL_TIM_Base_MspInit                     0x080019f9   Thumb Code   178  tim.o(i.HAL_TIM_Base_MspInit)
    HAL_TIM_Base_Start_IT                    0x08001ab9   Thumb Code   138  stm32f4xx_hal_tim.o(i.HAL_TIM_Base_Start_IT)
    HAL_TIM_ConfigClockSource                0x08001b61   Thumb Code   268  stm32f4xx_hal_tim.o(i.HAL_TIM_ConfigClockSource)
    HAL_TIM_IC_CaptureCallback               0x08001c6d   Thumb Code     2  stm32f4xx_hal_tim.o(i.HAL_TIM_IC_CaptureCallback)
    HAL_TIM_IRQHandler                       0x08001c6f   Thumb Code   364  stm32f4xx_hal_tim.o(i.HAL_TIM_IRQHandler)
    HAL_TIM_MspPostInit                      0x08001ddd   Thumb Code   152  tim.o(i.HAL_TIM_MspPostInit)
    HAL_TIM_OC_DelayElapsedCallback          0x08001e89   Thumb Code     2  stm32f4xx_hal_tim.o(i.HAL_TIM_OC_DelayElapsedCallback)
    HAL_TIM_PWM_ConfigChannel                0x08001e8b   Thumb Code   260  stm32f4xx_hal_tim.o(i.HAL_TIM_PWM_ConfigChannel)
    HAL_TIM_PWM_Init                         0x08001f8f   Thumb Code   102  stm32f4xx_hal_tim.o(i.HAL_TIM_PWM_Init)
    HAL_TIM_PWM_MspInit                      0x08001ff5   Thumb Code     2  stm32f4xx_hal_tim.o(i.HAL_TIM_PWM_MspInit)
    HAL_TIM_PWM_PulseFinishedCallback        0x08001ff7   Thumb Code     2  stm32f4xx_hal_tim.o(i.HAL_TIM_PWM_PulseFinishedCallback)
    HAL_TIM_PWM_Start                        0x08001ff9   Thumb Code   238  stm32f4xx_hal_tim.o(i.HAL_TIM_PWM_Start)
    HAL_TIM_PeriodElapsedCallback            0x08002105   Thumb Code   130  interrupt.o(i.HAL_TIM_PeriodElapsedCallback)
    HAL_TIM_TriggerCallback                  0x0800219d   Thumb Code     2  stm32f4xx_hal_tim.o(i.HAL_TIM_TriggerCallback)
    HAL_UARTEx_RxEventCallback               0x0800219f   Thumb Code     2  stm32f4xx_hal_uart.o(i.HAL_UARTEx_RxEventCallback)
    HAL_UART_ErrorCallback                   0x080021a1   Thumb Code     2  stm32f4xx_hal_uart.o(i.HAL_UART_ErrorCallback)
    HAL_UART_IRQHandler                      0x080021a5   Thumb Code   740  stm32f4xx_hal_uart.o(i.HAL_UART_IRQHandler)
    HAL_UART_Init                            0x0800248d   Thumb Code   118  stm32f4xx_hal_uart.o(i.HAL_UART_Init)
    HAL_UART_MspInit                         0x08002505   Thumb Code   528  usart.o(i.HAL_UART_MspInit)
    HAL_UART_Receive_DMA                     0x08002739   Thumb Code    44  stm32f4xx_hal_uart.o(i.HAL_UART_Receive_DMA)
    HAL_UART_RxCpltCallback                  0x08002765   Thumb Code   820  interrupt.o(i.HAL_UART_RxCpltCallback)
    HAL_UART_RxHalfCpltCallback              0x08002b45   Thumb Code     2  stm32f4xx_hal_uart.o(i.HAL_UART_RxHalfCpltCallback)
    HAL_UART_TxCpltCallback                  0x08002b47   Thumb Code     2  stm32f4xx_hal_uart.o(i.HAL_UART_TxCpltCallback)
    HardFault_Handler                        0x08002b49   Thumb Code     4  stm32f4xx_it.o(i.HardFault_Handler)
    LCD_Address_Set                          0x08002b4d   Thumb Code    66  lcd_init.o(i.LCD_Address_Set)
    LCD_DrawPoint                            0x08002b8f   Thumb Code    28  lcd.o(i.LCD_DrawPoint)
    LCD_Fill                                 0x08002bab   Thumb Code    74  lcd.o(i.LCD_Fill)
    LCD_Init                                 0x08002bf5   Thumb Code   502  lcd_init.o(i.LCD_Init)
    LCD_ShowChar                             0x08002df5   Thumb Code   328  lcd.o(i.LCD_ShowChar)
    LCD_ShowFloatNum1                        0x08002f4d   Thumb Code   174  lcd.o(i.LCD_ShowFloatNum1)
    LCD_ShowIntNum                           0x08003001   Thumb Code   150  lcd.o(i.LCD_ShowIntNum)
    LCD_ShowString                           0x08003097   Thumb Code    66  lcd.o(i.LCD_ShowString)
    LCD_WR_DATA                              0x080030d9   Thumb Code    18  lcd_init.o(i.LCD_WR_DATA)
    LCD_WR_DATA8                             0x080030eb   Thumb Code    12  lcd_init.o(i.LCD_WR_DATA8)
    LCD_WR_REG                               0x080030f9   Thumb Code    32  lcd_init.o(i.LCD_WR_REG)
    LCD_Writ_Bus                             0x0800311d   Thumb Code    38  lcd_init.o(i.LCD_Writ_Bus)
    MX_DMA_Init                              0x0800314d   Thumb Code    68  dma.o(i.MX_DMA_Init)
    MX_GPIO_Init                             0x08003195   Thumb Code   446  gpio.o(i.MX_GPIO_Init)
    MX_SPI1_Init                             0x0800336d   Thumb Code    60  spi.o(i.MX_SPI1_Init)
    MX_TIM2_Init                             0x080033b1   Thumb Code   102  tim.o(i.MX_TIM2_Init)
    MX_TIM4_Init                             0x0800341d   Thumb Code   202  tim.o(i.MX_TIM4_Init)
    MX_TIM5_Init                             0x080034f1   Thumb Code   154  tim.o(i.MX_TIM5_Init)
    MX_USART1_UART_Init                      0x08003595   Thumb Code    46  usart.o(i.MX_USART1_UART_Init)
    MX_USART2_UART_Init                      0x080035cd   Thumb Code    46  usart.o(i.MX_USART2_UART_Init)
    MX_USART3_UART_Init                      0x08003605   Thumb Code    46  usart.o(i.MX_USART3_UART_Init)
    MemManage_Handler                        0x0800363d   Thumb Code     4  stm32f4xx_it.o(i.MemManage_Handler)
    NMI_Handler                              0x08003641   Thumb Code     4  stm32f4xx_it.o(i.NMI_Handler)
    PendSV_Handler                           0x08003645   Thumb Code     2  stm32f4xx_it.o(i.PendSV_Handler)
    SVC_Handler                              0x080037a9   Thumb Code     2  stm32f4xx_it.o(i.SVC_Handler)
    SysTick_Handler                          0x080037ab   Thumb Code     8  stm32f4xx_it.o(i.SysTick_Handler)
    SystemClock_Config                       0x080037b5   Thumb Code   174  main.o(i.SystemClock_Config)
    SystemInit                               0x0800386d   Thumb Code    14  system_stm32f4xx.o(i.SystemInit)
    TIM2_IRQHandler                          0x08003881   Thumb Code    10  stm32f4xx_it.o(i.TIM2_IRQHandler)
    TIM4_IRQHandler                          0x08003891   Thumb Code    10  stm32f4xx_it.o(i.TIM4_IRQHandler)
    TIM5_IRQHandler                          0x080038a1   Thumb Code    10  stm32f4xx_it.o(i.TIM5_IRQHandler)
    TIM_Base_SetConfig                       0x080038b1   Thumb Code   186  stm32f4xx_hal_tim.o(i.TIM_Base_SetConfig)
    TIM_CCxChannelCmd                        0x08003999   Thumb Code    34  stm32f4xx_hal_tim.o(i.TIM_CCxChannelCmd)
    TIM_ETR_SetConfig                        0x080039bb   Thumb Code    22  stm32f4xx_hal_tim.o(i.TIM_ETR_SetConfig)
    TIM_OC2_SetConfig                        0x08003a55   Thumb Code   114  stm32f4xx_hal_tim.o(i.TIM_OC2_SetConfig)
    Topic_1                                  0x08003bed   Thumb Code   866  topic.o(i.Topic_1)
    Topic_2                                  0x08003fbd   Thumb Code  5826  topic.o(i.Topic_2)
    Topic_4                                  0x080056cd   Thumb Code 10292  topic.o(i.Topic_4)
    Topic_5                                  0x08007f49   Thumb Code 10182  topic.o(i.Topic_5)
    Topic_6                                  0x0800a721   Thumb Code   122  topic.o(i.Topic_6)
    UART_Start_Receive_DMA                   0x0800acc5   Thumb Code   186  stm32f4xx_hal_uart.o(i.UART_Start_Receive_DMA)
    USART1_IRQHandler                        0x0800aded   Thumb Code    10  stm32f4xx_it.o(i.USART1_IRQHandler)
    USART2_IRQHandler                        0x0800adfd   Thumb Code    10  stm32f4xx_it.o(i.USART2_IRQHandler)
    USART3_IRQHandler                        0x0800ae0d   Thumb Code    10  stm32f4xx_it.o(i.USART3_IRQHandler)
    UsageFault_Handler                       0x0800ae1d   Thumb Code     4  stm32f4xx_it.o(i.UsageFault_Handler)
    checkWin                                 0x0800ae59   Thumb Code    94  ds.o(i.checkWin)
    chess_reset                              0x0800aebd   Thumb Code    60  pwm.o(i.chess_reset)
    findBestMove                             0x0800af31   Thumb Code    78  ds.o(i.findBestMove)
    find_mischess                            0x0800af81   Thumb Code   150  chess.o(i.find_mischess)
    isBoardFull                              0x0800b021   Thumb Code    28  ds.o(i.isBoardFull)
    key_button                               0x0800b03d   Thumb Code   278  key.o(i.key_button)
    light_off                                0x0800b15d   Thumb Code    14  pwm.o(i.light_off)
    light_on                                 0x0800b171   Thumb Code    16  pwm.o(i.light_on)
    main                                     0x0800b185   Thumb Code   220  main.o(i.main)
    main_menu                                0x0800b279   Thumb Code  2624  menu.o(i.main_menu)
    max                                      0x0800bd01   Thumb Code    14  ds.o(i.max)
    min                                      0x0800bd0f   Thumb Code    14  ds.o(i.min)
    minimax                                  0x0800bd1d   Thumb Code   260  ds.o(i.minimax)
    mypow                                    0x0800be21   Thumb Code    22  lcd.o(i.mypow)
    qipan_full                               0x0800be39   Thumb Code   274  chess.o(i.qipan_full)
    qipan_his                                0x0800bf8d   Thumb Code    58  chess.o(i.qipan_his)
    qipan_rectify                            0x0800bfd1   Thumb Code   150  chess.o(i.qipan_rectify)
    qipan_true                               0x0800c071   Thumb Code   128  chess.o(i.qipan_true)
    release_chess                            0x0800c119   Thumb Code   166  pwm.o(i.release_chess)
    release_it                               0x0800c1d1   Thumb Code    16  pwm.o(i.release_it)
    reset_all                                0x0800c1e5   Thumb Code   432  pwm.o(i.reset_all)
    servo_down                               0x0800c505   Thumb Code    12  pwm.o(i.servo_down)
    servo_up                                 0x0800c515   Thumb Code    12  pwm.o(i.servo_up)
    take_chess                               0x0800c525   Thumb Code   166  pwm.o(i.take_chess)
    take_it                                  0x0800c5dd   Thumb Code    14  pwm.o(i.take_it)
    x_move                                   0x0800c5f1   Thumb Code   220  pwm.o(i.x_move)
    y_move                                   0x0800c6dd   Thumb Code   170  pwm.o(i.y_move)
    _fp_init                                 0x0800c799   Thumb Code    10  fpinit.o(x$fpl$fpinit)
    __fplib_config_fpu_vfp                   0x0800c7a1   Thumb Code     0  fpinit.o(x$fpl$fpinit)
    __fplib_config_pureend_doubles           0x0800c7a1   Thumb Code     0  fpinit.o(x$fpl$fpinit)
    AHBPrescTable                            0x0800c7aa   Data          16  system_stm32f4xx.o(.constdata)
    APBPrescTable                            0x0800c7ba   Data           8  system_stm32f4xx.o(.constdata)
    ascii_1206                               0x0800c7c2   Data        1140  lcd.o(.constdata)
    ascii_1608                               0x0800cc36   Data        1520  lcd.o(.constdata)
    ascii_2412                               0x0800d226   Data        4560  lcd.o(.constdata)
    ascii_3216                               0x0800e3f6   Data        6080  lcd.o(.constdata)
    tfont12                                  0x0800fbb6   Data         130  lcd.o(.constdata)
    tfont16                                  0x0800fc38   Data         170  lcd.o(.constdata)
    tfont24                                  0x0800fce2   Data         370  lcd.o(.constdata)
    tfont32                                  0x0800fe54   Data         650  lcd.o(.constdata)
    Region$$Table$$Base                      0x08010140   Number         0  anon$$obj.o(Region$$Table)
    Region$$Table$$Limit                     0x08010160   Number         0  anon$$obj.o(Region$$Table)
    uwTick                                   0x20000000   Data           4  stm32f4xx_hal.o(.data)
    uwTickPrio                               0x20000004   Data           4  stm32f4xx_hal.o(.data)
    uwTickFreq                               0x20000008   Data           1  stm32f4xx_hal.o(.data)
    SystemCoreClock                          0x2000000c   Data           4  system_stm32f4xx.o(.data)
    flr1_choice                              0x20000010   Data           4  menu.o(.data)
    flr1                                     0x20000014   Data           4  menu.o(.data)
    flr1_topic                               0x20000018   Data           4  menu.o(.data)
    flr1_topic_now                           0x2000001c   Data           4  menu.o(.data)
    USART1_RX_STA_1                          0x20000020   Data           2  interrupt.o(.data)
    USART1_NewData_1                         0x20000022   Data           1  interrupt.o(.data)
    RxState1_1                               0x20000023   Data           1  interrupt.o(.data)
    x                                        0x20000024   Data           4  interrupt.o(.data)
    y                                        0x20000028   Data           4  interrupt.o(.data)
    location_chess                           0x2000002c   Data           4  interrupt.o(.data)
    x1                                       0x20000030   Data           4  interrupt.o(.data)
    y1                                       0x20000034   Data           4  interrupt.o(.data)
    x2                                       0x20000038   Data           4  interrupt.o(.data)
    y2                                       0x2000003c   Data           4  interrupt.o(.data)
    x3                                       0x20000040   Data           4  interrupt.o(.data)
    y3                                       0x20000044   Data           4  interrupt.o(.data)
    x4                                       0x20000048   Data           4  interrupt.o(.data)
    y4                                       0x2000004c   Data           4  interrupt.o(.data)
    x5                                       0x20000050   Data           4  interrupt.o(.data)
    y5                                       0x20000054   Data           4  interrupt.o(.data)
    x6                                       0x20000058   Data           4  interrupt.o(.data)
    y6                                       0x2000005c   Data           4  interrupt.o(.data)
    x7                                       0x20000060   Data           4  interrupt.o(.data)
    y7                                       0x20000064   Data           4  interrupt.o(.data)
    x8                                       0x20000068   Data           4  interrupt.o(.data)
    y8                                       0x2000006c   Data           4  interrupt.o(.data)
    x9                                       0x20000070   Data           4  interrupt.o(.data)
    y9                                       0x20000074   Data           4  interrupt.o(.data)
    board_x                                  0x20000078   Data           4  interrupt.o(.data)
    board_y                                  0x2000007c   Data           4  interrupt.o(.data)
    board_location_flag                      0x20000080   Data           4  interrupt.o(.data)
    USART1_RX_STA_2                          0x20000084   Data           2  interrupt.o(.data)
    USART1_NewData_2                         0x20000086   Data           1  interrupt.o(.data)
    RxState1_2                               0x20000087   Data           1  interrupt.o(.data)
    location_1                               0x20000088   Data           4  interrupt.o(.data)
    location_2                               0x2000008c   Data           4  interrupt.o(.data)
    location_3                               0x20000090   Data           4  interrupt.o(.data)
    location_4                               0x20000094   Data           4  interrupt.o(.data)
    location_5                               0x20000098   Data           4  interrupt.o(.data)
    location_6                               0x2000009c   Data           4  interrupt.o(.data)
    location_7                               0x200000a0   Data           4  interrupt.o(.data)
    location_8                               0x200000a4   Data           4  interrupt.o(.data)
    location_9                               0x200000a8   Data           4  interrupt.o(.data)
    USART1_RX_STA_3                          0x200000ac   Data           2  interrupt.o(.data)
    USART1_NewData_3                         0x200000ae   Data           1  interrupt.o(.data)
    RxState1_3                               0x200000af   Data           1  interrupt.o(.data)
    x1_black                                 0x200000b0   Data           4  interrupt.o(.data)
    y1_black                                 0x200000b4   Data           4  interrupt.o(.data)
    x2_black                                 0x200000b8   Data           4  interrupt.o(.data)
    y2_black                                 0x200000bc   Data           4  interrupt.o(.data)
    x3_black                                 0x200000c0   Data           4  interrupt.o(.data)
    y3_black                                 0x200000c4   Data           4  interrupt.o(.data)
    x4_black                                 0x200000c8   Data           4  interrupt.o(.data)
    y4_black                                 0x200000cc   Data           4  interrupt.o(.data)
    x5_black                                 0x200000d0   Data           4  interrupt.o(.data)
    y5_black                                 0x200000d4   Data           4  interrupt.o(.data)
    USART1_RX_STA_4                          0x200000d8   Data           2  interrupt.o(.data)
    USART1_NewData_4                         0x200000da   Data           1  interrupt.o(.data)
    RxState1_4                               0x200000db   Data           1  interrupt.o(.data)
    x1_white                                 0x200000dc   Data           4  interrupt.o(.data)
    y1_white                                 0x200000e0   Data           4  interrupt.o(.data)
    x2_white                                 0x200000e4   Data           4  interrupt.o(.data)
    y2_white                                 0x200000e8   Data           4  interrupt.o(.data)
    x3_white                                 0x200000ec   Data           4  interrupt.o(.data)
    y3_white                                 0x200000f0   Data           4  interrupt.o(.data)
    x4_white                                 0x200000f4   Data           4  interrupt.o(.data)
    y4_white                                 0x200000f8   Data           4  interrupt.o(.data)
    x5_white                                 0x200000fc   Data           4  interrupt.o(.data)
    y5_white                                 0x20000100   Data           4  interrupt.o(.data)
    rorate_angle                             0x20000104   Data           4  interrupt.o(.data)
    USART2_RX_STA                            0x20000108   Data           2  interrupt.o(.data)
    USART2_NewData                           0x2000010a   Data           1  interrupt.o(.data)
    RxState2                                 0x2000010b   Data           1  interrupt.o(.data)
    USART3_RX_STA                            0x2000010c   Data           2  interrupt.o(.data)
    USART3_NewData                           0x2000010e   Data           1  interrupt.o(.data)
    RxState3                                 0x2000010f   Data           1  interrupt.o(.data)
    rx_cnt                                   0x20000110   Data           1  interrupt.o(.data)
    rx_buff                                  0x20000111   Data           1  interrupt.o(.data)
    RxBuff                                   0x20000112   Data           1  interrupt.o(.data)
    vofa_i                                   0x20000114   Data           4  interrupt.o(.data)
    vofa_I                                   0x20000118   Data           4  interrupt.o(.data)
    vofa_float                               0x2000011c   Data           4  interrupt.o(.data)
    data                                     0x20000120   Data           5  interrupt.o(.data)
    data_2                                   0x20000125   Data           5  interrupt.o(.data)
    last_x1                                  0x2000012c   Data           4  interrupt.o(.data)
    last_y1                                  0x20000130   Data           4  interrupt.o(.data)
    send_time                                0x20000134   Data           4  interrupt.o(.data)
    last_x1_black                            0x20000138   Data           4  interrupt.o(.data)
    last_y1_black                            0x2000013c   Data           4  interrupt.o(.data)
    send_time_black                          0x20000140   Data           4  interrupt.o(.data)
    last_x1_white                            0x20000144   Data           4  interrupt.o(.data)
    last_y1_white                            0x20000148   Data           4  interrupt.o(.data)
    send_time_white                          0x2000014c   Data           4  interrupt.o(.data)
    qipan_receive_flag                       0x20000150   Data           4  interrupt.o(.data)
    qizi_receive_flag                        0x20000154   Data           4  interrupt.o(.data)
    qizi_receive_flag_black_white            0x20000158   Data           4  interrupt.o(.data)
    move_flag                                0x2000015c   Data           4  interrupt.o(.data)
    mistake_flag                             0x20000160   Data           4  interrupt.o(.data)
    move_up                                  0x20000164   Data           4  interrupt.o(.data)
    move_up_1                                0x20000168   Data           4  interrupt.o(.data)
    Delay_flag                               0x2000016c   Data           4  interrupt.o(.data)
    Delay_time                               0x20000170   Data           4  interrupt.o(.data)
    last_photo_flag                          0x20000174   Data           4  interrupt.o(.data)
    last_photo_time                          0x20000178   Data           4  interrupt.o(.data)
    Take_photo_Delay_flag                    0x2000017c   Data           4  interrupt.o(.data)
    Take_photo_Delay_time                    0x20000180   Data           4  interrupt.o(.data)
    Qipan_true_Delay_flag                    0x20000184   Data           4  interrupt.o(.data)
    Qipan_true_Delay_time                    0x20000188   Data           4  interrupt.o(.data)
    start_black                              0x2000018c   Data           4  pwm.o(.data)
    start_white                              0x20000190   Data           4  pwm.o(.data)
    target_board                             0x20000194   Data           4  pwm.o(.data)
    TOPIC2_target_board                      0x20000198   Data           4  pwm.o(.data)
    TOPIC2_target_board1                     0x2000019c   Data           4  pwm.o(.data)
    TOPIC2_target_board2                     0x200001a0   Data           4  pwm.o(.data)
    TOPIC2_target_board3                     0x200001a4   Data           4  pwm.o(.data)
    TOPIC2_target_board4                     0x200001a8   Data           4  pwm.o(.data)
    TOPIC4_target_board                      0x200001ac   Data           4  pwm.o(.data)
    TOPIC4_target_board1                     0x200001b0   Data           4  pwm.o(.data)
    take_choice                              0x200001b4   Data           4  pwm.o(.data)
    target_chess                             0x200001b8   Data           4  pwm.o(.data)
    his_target_chess                         0x200001bc   Data           4  pwm.o(.data)
    dir_x                                    0x200001c0   Data           4  pwm.o(.data)
    dir_y                                    0x200001c4   Data           4  pwm.o(.data)
    dir_z                                    0x200001c8   Data           4  pwm.o(.data)
    step_x                                   0x200001cc   Data           4  pwm.o(.data)
    step_y                                   0x200001d0   Data           4  pwm.o(.data)
    step_z                                   0x200001d4   Data           4  pwm.o(.data)
    Topic                                    0x200001d8   Data           4  pwm.o(.data)
    step_move                                0x200001dc   Data           4  pwm.o(.data)
    chess_time                               0x200001e0   Data           4  pwm.o(.data)
    total_chess_time                         0x200001e4   Data           4  pwm.o(.data)
    topic_step                               0x200001e8   Data           4  pwm.o(.data)
    step_t_x                                 0x200001ec   Data           4  pwm.o(.data)
    step_t_y                                 0x200001f0   Data           4  pwm.o(.data)
    step_total_x                             0x200001f4   Data           4  pwm.o(.data)
    step_total_y                             0x200001f8   Data           4  pwm.o(.data)
    step_total_z                             0x200001fc   Data           4  pwm.o(.data)
    take_chess_step                          0x20000200   Data           4  pwm.o(.data)
    release_chess_step                       0x20000204   Data           4  pwm.o(.data)
    take_chess_flag                          0x20000208   Data           4  pwm.o(.data)
    release_chess_flag                       0x2000020c   Data           4  pwm.o(.data)
    take_time                                0x20000210   Data           4  pwm.o(.data)
    release_time                             0x20000214   Data           4  pwm.o(.data)
    move                                     0x20000218   Data           4  chess.o(.data)
    chess_total                              0x2000021c   Data           4  chess.o(.data)
    his_chess_total                          0x20000220   Data           4  chess.o(.data)
    t                                        0x20000224   Data           4  chess.o(.data)
    t1_black                                 0x20000228   Data           4  chess.o(.data)
    t2_white                                 0x2000022c   Data           4  chess.o(.data)
    now_black_chess                          0x20000230   Data           4  chess.o(.data)
    now_white_chess                          0x20000234   Data           4  chess.o(.data)
    target_x                                 0x20000238   Data           4  topic.o(.data)
    target_y                                 0x2000023c   Data           4  topic.o(.data)
    hspi1                                    0x20000240   Data          88  spi.o(.bss)
    htim2                                    0x20000298   Data          72  tim.o(.bss)
    htim4                                    0x200002e0   Data          72  tim.o(.bss)
    htim5                                    0x20000328   Data          72  tim.o(.bss)
    huart1                                   0x20000370   Data          72  usart.o(.bss)
    huart2                                   0x200003b8   Data          72  usart.o(.bss)
    huart3                                   0x20000400   Data          72  usart.o(.bss)
    hdma_usart2_rx                           0x20000448   Data          96  usart.o(.bss)
    hdma_usart2_tx                           0x200004a8   Data          96  usart.o(.bss)
    key                                      0x20000508   Data          40  key.o(.bss)
    USART1_RX_BUF_1                          0x20000530   Data         200  interrupt.o(.bss)
    qizi                                     0x200005f8   Data          36  interrupt.o(.bss)
    his_qizi                                 0x2000061c   Data          36  interrupt.o(.bss)
    true_qizi                                0x20000640   Data          36  interrupt.o(.bss)
    USART1_RX_BUF_2                          0x20000664   Data         200  interrupt.o(.bss)
    USART1_RX_BUF_3                          0x2000072c   Data         200  interrupt.o(.bss)
    USART1_RX_BUF_4                          0x200007f4   Data         200  interrupt.o(.bss)
    USART2_RX_BUF                            0x200008bc   Data         200  interrupt.o(.bss)
    USART3_RX_BUF                            0x20000984   Data         200  interrupt.o(.bss)
    rx_string                                0x20000a4c   Data         256  interrupt.o(.bss)
    shujv                                    0x20000b4c   Data          12  interrupt.o(.bss)
    __libspace_start                         0x20000b58   Data          96  libspace.o(.bss)
    __temporary_stack_top$libspace           0x20000bb8   Data           0  libspace.o(.bss)



==============================================================================

Memory Map of the image

  Image Entry point : 0x08000189

  Load Region LR_IROM1 (Base: 0x08000000, Size: 0x000103a0, Max: 0x00080000, ABSOLUTE, COMPRESSED[0x00010198])

    Execution Region ER_IROM1 (Exec base: 0x08000000, Load base: 0x08000000, Size: 0x00010160, Max: 0x00080000, ABSOLUTE)

    Exec Addr    Load Addr    Size         Type   Attr      Idx    E Section Name        Object

    0x08000000   0x08000000   0x00000188   Data   RO            3    RESET               startup_stm32f407xx.o
    0x08000188   0x08000188   0x00000008   Code   RO         4414  * !!!main             c_w.l(__main.o)
    0x08000190   0x08000190   0x00000034   Code   RO         4775    !!!scatter          c_w.l(__scatter.o)
    0x080001c4   0x080001c4   0x0000003a   Code   RO         4773    !!dczerorl          c_w.l(__dczerorl.o)
    0x080001fe   0x080001fe   0x00000002   PAD
    0x08000200   0x08000200   0x0000001c   Code   RO         4777    !!handler_zi        c_w.l(__scatter_zi.o)
    0x0800021c   0x0800021c   0x00000002   Code   RO         4560    .ARM.Collect$$libinit$$00000000  c_w.l(libinit.o)
    0x0800021e   0x0800021e   0x00000004   Code   RO         4561    .ARM.Collect$$libinit$$00000001  c_w.l(libinit2.o)
    0x08000222   0x08000222   0x00000000   Code   RO         4564    .ARM.Collect$$libinit$$00000004  c_w.l(libinit2.o)
    0x08000222   0x08000222   0x00000000   Code   RO         4567    .ARM.Collect$$libinit$$0000000A  c_w.l(libinit2.o)
    0x08000222   0x08000222   0x00000000   Code   RO         4569    .ARM.Collect$$libinit$$0000000C  c_w.l(libinit2.o)
    0x08000222   0x08000222   0x00000000   Code   RO         4571    .ARM.Collect$$libinit$$0000000E  c_w.l(libinit2.o)
    0x08000222   0x08000222   0x00000000   Code   RO         4574    .ARM.Collect$$libinit$$00000011  c_w.l(libinit2.o)
    0x08000222   0x08000222   0x00000000   Code   RO         4576    .ARM.Collect$$libinit$$00000013  c_w.l(libinit2.o)
    0x08000222   0x08000222   0x00000000   Code   RO         4578    .ARM.Collect$$libinit$$00000015  c_w.l(libinit2.o)
    0x08000222   0x08000222   0x00000000   Code   RO         4580    .ARM.Collect$$libinit$$00000017  c_w.l(libinit2.o)
    0x08000222   0x08000222   0x00000000   Code   RO         4582    .ARM.Collect$$libinit$$00000019  c_w.l(libinit2.o)
    0x08000222   0x08000222   0x00000000   Code   RO         4584    .ARM.Collect$$libinit$$0000001B  c_w.l(libinit2.o)
    0x08000222   0x08000222   0x00000000   Code   RO         4586    .ARM.Collect$$libinit$$0000001D  c_w.l(libinit2.o)
    0x08000222   0x08000222   0x00000000   Code   RO         4588    .ARM.Collect$$libinit$$0000001F  c_w.l(libinit2.o)
    0x08000222   0x08000222   0x00000000   Code   RO         4590    .ARM.Collect$$libinit$$00000021  c_w.l(libinit2.o)
    0x08000222   0x08000222   0x00000000   Code   RO         4592    .ARM.Collect$$libinit$$00000023  c_w.l(libinit2.o)
    0x08000222   0x08000222   0x00000000   Code   RO         4594    .ARM.Collect$$libinit$$00000025  c_w.l(libinit2.o)
    0x08000222   0x08000222   0x00000000   Code   RO         4598    .ARM.Collect$$libinit$$0000002C  c_w.l(libinit2.o)
    0x08000222   0x08000222   0x00000000   Code   RO         4600    .ARM.Collect$$libinit$$0000002E  c_w.l(libinit2.o)
    0x08000222   0x08000222   0x00000000   Code   RO         4602    .ARM.Collect$$libinit$$00000030  c_w.l(libinit2.o)
    0x08000222   0x08000222   0x00000000   Code   RO         4604    .ARM.Collect$$libinit$$00000032  c_w.l(libinit2.o)
    0x08000222   0x08000222   0x00000002   Code   RO         4605    .ARM.Collect$$libinit$$00000033  c_w.l(libinit2.o)
    0x08000224   0x08000224   0x00000002   Code   RO         4754    .ARM.Collect$$libshutdown$$00000000  c_w.l(libshutdown.o)
    0x08000226   0x08000226   0x00000000   Code   RO         4607    .ARM.Collect$$libshutdown$$00000002  c_w.l(libshutdown2.o)
    0x08000226   0x08000226   0x00000000   Code   RO         4609    .ARM.Collect$$libshutdown$$00000004  c_w.l(libshutdown2.o)
    0x08000226   0x08000226   0x00000000   Code   RO         4611    .ARM.Collect$$libshutdown$$00000006  c_w.l(libshutdown2.o)
    0x08000226   0x08000226   0x00000000   Code   RO         4614    .ARM.Collect$$libshutdown$$00000009  c_w.l(libshutdown2.o)
    0x08000226   0x08000226   0x00000000   Code   RO         4617    .ARM.Collect$$libshutdown$$0000000C  c_w.l(libshutdown2.o)
    0x08000226   0x08000226   0x00000000   Code   RO         4619    .ARM.Collect$$libshutdown$$0000000E  c_w.l(libshutdown2.o)
    0x08000226   0x08000226   0x00000000   Code   RO         4622    .ARM.Collect$$libshutdown$$00000011  c_w.l(libshutdown2.o)
    0x08000226   0x08000226   0x00000002   Code   RO         4623    .ARM.Collect$$libshutdown$$00000012  c_w.l(libshutdown2.o)
    0x08000228   0x08000228   0x00000000   Code   RO         4416    .ARM.Collect$$rtentry$$00000000  c_w.l(__rtentry.o)
    0x08000228   0x08000228   0x00000000   Code   RO         4433    .ARM.Collect$$rtentry$$00000002  c_w.l(__rtentry2.o)
    0x08000228   0x08000228   0x00000006   Code   RO         4445    .ARM.Collect$$rtentry$$00000004  c_w.l(__rtentry4.o)
    0x0800022e   0x0800022e   0x00000000   Code   RO         4435    .ARM.Collect$$rtentry$$00000009  c_w.l(__rtentry2.o)
    0x0800022e   0x0800022e   0x00000004   Code   RO         4436    .ARM.Collect$$rtentry$$0000000A  c_w.l(__rtentry2.o)
    0x08000232   0x08000232   0x00000000   Code   RO         4438    .ARM.Collect$$rtentry$$0000000C  c_w.l(__rtentry2.o)
    0x08000232   0x08000232   0x00000008   Code   RO         4439    .ARM.Collect$$rtentry$$0000000D  c_w.l(__rtentry2.o)
    0x0800023a   0x0800023a   0x00000002   Code   RO         4632    .ARM.Collect$$rtexit$$00000000  c_w.l(rtexit.o)
    0x0800023c   0x0800023c   0x00000000   Code   RO         4690    .ARM.Collect$$rtexit$$00000002  c_w.l(rtexit2.o)
    0x0800023c   0x0800023c   0x00000004   Code   RO         4691    .ARM.Collect$$rtexit$$00000003  c_w.l(rtexit2.o)
    0x08000240   0x08000240   0x00000006   Code   RO         4692    .ARM.Collect$$rtexit$$00000004  c_w.l(rtexit2.o)
    0x08000246   0x08000246   0x00000002   PAD
    0x08000248   0x08000248   0x00000040   Code   RO            4    .text               startup_stm32f407xx.o
    0x08000288   0x08000288   0x000000ee   Code   RO         4376    .text               c_w.l(lludivv7m.o)
    0x08000376   0x08000376   0x00000064   Code   RO         4408    .text               c_w.l(rt_memcpy_w.o)
    0x080003da   0x080003da   0x0000004e   Code   RO         4410    .text               c_w.l(rt_memclr_w.o)
    0x08000428   0x08000428   0x00000006   Code   RO         4412    .text               c_w.l(heapauxi.o)
    0x0800042e   0x0800042e   0x0000004a   Code   RO         4472    .text               c_w.l(sys_stackheap_outer.o)
    0x08000478   0x08000478   0x00000012   Code   RO         4545    .text               c_w.l(exit.o)
    0x0800048a   0x0800048a   0x00000002   PAD
    0x0800048c   0x0800048c   0x00000008   Code   RO         4626    .text               c_w.l(libspace.o)
    0x08000494   0x08000494   0x00000002   Code   RO         4629    .text               c_w.l(use_no_semi.o)
    0x08000496   0x08000496   0x00000000   Code   RO         4631    .text               c_w.l(indicate_semi.o)
    0x08000496   0x08000496   0x00000002   PAD
    0x08000498   0x08000498   0x0000000c   Code   RO         4687    .text               c_w.l(sys_exit.o)
    0x080004a4   0x080004a4   0x00000004   Code   RO          540    i.BusFault_Handler  stm32f4xx_it.o
    0x080004a8   0x080004a8   0x00000010   Code   RO          541    i.DMA1_Stream5_IRQHandler  stm32f4xx_it.o
    0x080004b8   0x080004b8   0x00000010   Code   RO          542    i.DMA1_Stream6_IRQHandler  stm32f4xx_it.o
    0x080004c8   0x080004c8   0x00000034   Code   RO         1514    i.DMA_CalcBaseAndBitshift  stm32f4xx_hal_dma.o
    0x080004fc   0x080004fc   0x000000aa   Code   RO         1515    i.DMA_CheckFifoParam  stm32f4xx_hal_dma.o
    0x080005a6   0x080005a6   0x0000002c   Code   RO         1516    i.DMA_SetConfig     stm32f4xx_hal_dma.o
    0x080005d2   0x080005d2   0x00000002   Code   RO          543    i.DebugMon_Handler  stm32f4xx_it.o
    0x080005d4   0x080005d4   0x00000006   Code   RO           13    i.Error_Handler     main.o
    0x080005da   0x080005da   0x000000ac   Code   RO         1517    i.HAL_DMA_Abort     stm32f4xx_hal_dma.o
    0x08000686   0x08000686   0x00000028   Code   RO         1518    i.HAL_DMA_Abort_IT  stm32f4xx_hal_dma.o
    0x080006ae   0x080006ae   0x00000002   PAD
    0x080006b0   0x080006b0   0x00000240   Code   RO         1522    i.HAL_DMA_IRQHandler  stm32f4xx_hal_dma.o
    0x080008f0   0x080008f0   0x000000ec   Code   RO         1523    i.HAL_DMA_Init      stm32f4xx_hal_dma.o
    0x080009dc   0x080009dc   0x00000092   Code   RO         1527    i.HAL_DMA_Start_IT  stm32f4xx_hal_dma.o
    0x08000a6e   0x08000a6e   0x00000002   PAD
    0x08000a70   0x08000a70   0x00000028   Code   RO         1947    i.HAL_Delay         stm32f4xx_hal.o
    0x08000a98   0x08000a98   0x000001f4   Code   RO         1410    i.HAL_GPIO_Init     stm32f4xx_hal_gpio.o
    0x08000c8c   0x08000c8c   0x00000010   Code   RO         1412    i.HAL_GPIO_ReadPin  stm32f4xx_hal_gpio.o
    0x08000c9c   0x08000c9c   0x00000014   Code   RO         1413    i.HAL_GPIO_TogglePin  stm32f4xx_hal_gpio.o
    0x08000cb0   0x08000cb0   0x0000000c   Code   RO         1414    i.HAL_GPIO_WritePin  stm32f4xx_hal_gpio.o
    0x08000cbc   0x08000cbc   0x0000000c   Code   RO         1953    i.HAL_GetTick       stm32f4xx_hal.o
    0x08000cc8   0x08000cc8   0x00000018   Code   RO         1959    i.HAL_IncTick       stm32f4xx_hal.o
    0x08000ce0   0x08000ce0   0x0000003c   Code   RO         1960    i.HAL_Init          stm32f4xx_hal.o
    0x08000d1c   0x08000d1c   0x0000004c   Code   RO         1961    i.HAL_InitTick      stm32f4xx_hal.o
    0x08000d68   0x08000d68   0x00000048   Code   RO          664    i.HAL_MspInit       stm32f4xx_hal_msp.o
    0x08000db0   0x08000db0   0x00000028   Code   RO         1800    i.HAL_NVIC_EnableIRQ  stm32f4xx_hal_cortex.o
    0x08000dd8   0x08000dd8   0x0000007c   Code   RO         1806    i.HAL_NVIC_SetPriority  stm32f4xx_hal_cortex.o
    0x08000e54   0x08000e54   0x00000028   Code   RO         1807    i.HAL_NVIC_SetPriorityGrouping  stm32f4xx_hal_cortex.o
    0x08000e7c   0x08000e7c   0x00000184   Code   RO         1011    i.HAL_RCC_ClockConfig  stm32f4xx_hal_rcc.o
    0x08001000   0x08001000   0x0000000c   Code   RO         1016    i.HAL_RCC_GetHCLKFreq  stm32f4xx_hal_rcc.o
    0x0800100c   0x0800100c   0x00000020   Code   RO         1018    i.HAL_RCC_GetPCLK1Freq  stm32f4xx_hal_rcc.o
    0x0800102c   0x0800102c   0x00000020   Code   RO         1019    i.HAL_RCC_GetPCLK2Freq  stm32f4xx_hal_rcc.o
    0x0800104c   0x0800104c   0x000000b0   Code   RO         1020    i.HAL_RCC_GetSysClockFreq  stm32f4xx_hal_rcc.o
    0x080010fc   0x080010fc   0x0000049c   Code   RO         1023    i.HAL_RCC_OscConfig  stm32f4xx_hal_rcc.o
    0x08001598   0x08001598   0x000000c8   Code   RO          699    i.HAL_SPI_Init      stm32f4xx_hal_spi.o
    0x08001660   0x08001660   0x00000088   Code   RO          385    i.HAL_SPI_MspInit   spi.o
    0x080016e8   0x080016e8   0x000001bc   Code   RO          707    i.HAL_SPI_Transmit  stm32f4xx_hal_spi.o
    0x080018a4   0x080018a4   0x00000034   Code   RO         1811    i.HAL_SYSTICK_Config  stm32f4xx_hal_cortex.o
    0x080018d8   0x080018d8   0x00000002   Code   RO         2915    i.HAL_TIMEx_BreakCallback  stm32f4xx_hal_tim_ex.o
    0x080018da   0x080018da   0x00000002   Code   RO         2916    i.HAL_TIMEx_CommutCallback  stm32f4xx_hal_tim_ex.o
    0x080018dc   0x080018dc   0x000000b4   Code   RO         2934    i.HAL_TIMEx_MasterConfigSynchronization  stm32f4xx_hal_tim_ex.o
    0x08001990   0x08001990   0x00000066   Code   RO         2200    i.HAL_TIM_Base_Init  stm32f4xx_hal_tim.o
    0x080019f6   0x080019f6   0x00000002   PAD
    0x080019f8   0x080019f8   0x000000c0   Code   RO          427    i.HAL_TIM_Base_MspInit  tim.o
    0x08001ab8   0x08001ab8   0x000000a8   Code   RO         2205    i.HAL_TIM_Base_Start_IT  stm32f4xx_hal_tim.o
    0x08001b60   0x08001b60   0x0000010c   Code   RO         2209    i.HAL_TIM_ConfigClockSource  stm32f4xx_hal_tim.o
    0x08001c6c   0x08001c6c   0x00000002   Code   RO         2234    i.HAL_TIM_IC_CaptureCallback  stm32f4xx_hal_tim.o
    0x08001c6e   0x08001c6e   0x0000016c   Code   RO         2248    i.HAL_TIM_IRQHandler  stm32f4xx_hal_tim.o
    0x08001dda   0x08001dda   0x00000002   PAD
    0x08001ddc   0x08001ddc   0x000000ac   Code   RO          428    i.HAL_TIM_MspPostInit  tim.o
    0x08001e88   0x08001e88   0x00000002   Code   RO         2251    i.HAL_TIM_OC_DelayElapsedCallback  stm32f4xx_hal_tim.o
    0x08001e8a   0x08001e8a   0x00000104   Code   RO         2272    i.HAL_TIM_PWM_ConfigChannel  stm32f4xx_hal_tim.o
    0x08001f8e   0x08001f8e   0x00000066   Code   RO         2275    i.HAL_TIM_PWM_Init  stm32f4xx_hal_tim.o
    0x08001ff4   0x08001ff4   0x00000002   Code   RO         2277    i.HAL_TIM_PWM_MspInit  stm32f4xx_hal_tim.o
    0x08001ff6   0x08001ff6   0x00000002   Code   RO         2278    i.HAL_TIM_PWM_PulseFinishedCallback  stm32f4xx_hal_tim.o
    0x08001ff8   0x08001ff8   0x0000010c   Code   RO         2280    i.HAL_TIM_PWM_Start  stm32f4xx_hal_tim.o
    0x08002104   0x08002104   0x00000098   Code   RO         3883    i.HAL_TIM_PeriodElapsedCallback  interrupt.o
    0x0800219c   0x0800219c   0x00000002   Code   RO         2291    i.HAL_TIM_TriggerCallback  stm32f4xx_hal_tim.o
    0x0800219e   0x0800219e   0x00000002   Code   RO         3194    i.HAL_UARTEx_RxEventCallback  stm32f4xx_hal_uart.o
    0x080021a0   0x080021a0   0x00000002   Code   RO         3208    i.HAL_UART_ErrorCallback  stm32f4xx_hal_uart.o
    0x080021a2   0x080021a2   0x00000002   PAD
    0x080021a4   0x080021a4   0x000002e8   Code   RO         3211    i.HAL_UART_IRQHandler  stm32f4xx_hal_uart.o
    0x0800248c   0x0800248c   0x00000076   Code   RO         3212    i.HAL_UART_Init     stm32f4xx_hal_uart.o
    0x08002502   0x08002502   0x00000002   PAD
    0x08002504   0x08002504   0x00000234   Code   RO          487    i.HAL_UART_MspInit  usart.o
    0x08002738   0x08002738   0x0000002c   Code   RO         3216    i.HAL_UART_Receive_DMA  stm32f4xx_hal_uart.o
    0x08002764   0x08002764   0x000003e0   Code   RO         3884    i.HAL_UART_RxCpltCallback  interrupt.o
    0x08002b44   0x08002b44   0x00000002   Code   RO         3219    i.HAL_UART_RxHalfCpltCallback  stm32f4xx_hal_uart.o
    0x08002b46   0x08002b46   0x00000002   Code   RO         3223    i.HAL_UART_TxCpltCallback  stm32f4xx_hal_uart.o
    0x08002b48   0x08002b48   0x00000004   Code   RO          544    i.HardFault_Handler  stm32f4xx_it.o
    0x08002b4c   0x08002b4c   0x00000042   Code   RO         3718    i.LCD_Address_Set   lcd_init.o
    0x08002b8e   0x08002b8e   0x0000001c   Code   RO         3594    i.LCD_DrawPoint     lcd.o
    0x08002baa   0x08002baa   0x0000004a   Code   RO         3596    i.LCD_Fill          lcd.o
    0x08002bf4   0x08002bf4   0x00000200   Code   RO         3719    i.LCD_Init          lcd_init.o
    0x08002df4   0x08002df4   0x00000158   Code   RO         3597    i.LCD_ShowChar      lcd.o
    0x08002f4c   0x08002f4c   0x000000b4   Code   RO         3603    i.LCD_ShowFloatNum1  lcd.o
    0x08003000   0x08003000   0x00000096   Code   RO         3604    i.LCD_ShowIntNum    lcd.o
    0x08003096   0x08003096   0x00000042   Code   RO         3606    i.LCD_ShowString    lcd.o
    0x080030d8   0x080030d8   0x00000012   Code   RO         3720    i.LCD_WR_DATA       lcd_init.o
    0x080030ea   0x080030ea   0x0000000c   Code   RO         3721    i.LCD_WR_DATA8      lcd_init.o
    0x080030f6   0x080030f6   0x00000002   PAD
    0x080030f8   0x080030f8   0x00000024   Code   RO         3722    i.LCD_WR_REG        lcd_init.o
    0x0800311c   0x0800311c   0x00000030   Code   RO         3723    i.LCD_Writ_Bus      lcd_init.o
    0x0800314c   0x0800314c   0x00000048   Code   RO          357    i.MX_DMA_Init       dma.o
    0x08003194   0x08003194   0x000001d8   Code   RO          237    i.MX_GPIO_Init      gpio.o
    0x0800336c   0x0800336c   0x00000044   Code   RO          386    i.MX_SPI1_Init      spi.o
    0x080033b0   0x080033b0   0x0000006c   Code   RO          429    i.MX_TIM2_Init      tim.o
    0x0800341c   0x0800341c   0x000000d4   Code   RO          430    i.MX_TIM4_Init      tim.o
    0x080034f0   0x080034f0   0x000000a4   Code   RO          431    i.MX_TIM5_Init      tim.o
    0x08003594   0x08003594   0x00000038   Code   RO          488    i.MX_USART1_UART_Init  usart.o
    0x080035cc   0x080035cc   0x00000038   Code   RO          489    i.MX_USART2_UART_Init  usart.o
    0x08003604   0x08003604   0x00000038   Code   RO          490    i.MX_USART3_UART_Init  usart.o
    0x0800363c   0x0800363c   0x00000004   Code   RO          545    i.MemManage_Handler  stm32f4xx_it.o
    0x08003640   0x08003640   0x00000004   Code   RO          546    i.NMI_Handler       stm32f4xx_it.o
    0x08003644   0x08003644   0x00000002   Code   RO          547    i.PendSV_Handler    stm32f4xx_it.o
    0x08003646   0x08003646   0x00000002   PAD
    0x08003648   0x08003648   0x00000088   Code   RO          737    i.SPI_EndRxTxTransaction  stm32f4xx_hal_spi.o
    0x080036d0   0x080036d0   0x000000d8   Code   RO          742    i.SPI_WaitFlagStateUntilTimeout  stm32f4xx_hal_spi.o
    0x080037a8   0x080037a8   0x00000002   Code   RO          548    i.SVC_Handler       stm32f4xx_it.o
    0x080037aa   0x080037aa   0x00000008   Code   RO          549    i.SysTick_Handler   stm32f4xx_it.o
    0x080037b2   0x080037b2   0x00000002   PAD
    0x080037b4   0x080037b4   0x000000b8   Code   RO           14    i.SystemClock_Config  main.o
    0x0800386c   0x0800386c   0x00000014   Code   RO         3556    i.SystemInit        system_stm32f4xx.o
    0x08003880   0x08003880   0x00000010   Code   RO          550    i.TIM2_IRQHandler   stm32f4xx_it.o
    0x08003890   0x08003890   0x00000010   Code   RO          551    i.TIM4_IRQHandler   stm32f4xx_it.o
    0x080038a0   0x080038a0   0x00000010   Code   RO          552    i.TIM5_IRQHandler   stm32f4xx_it.o
    0x080038b0   0x080038b0   0x000000e8   Code   RO         2293    i.TIM_Base_SetConfig  stm32f4xx_hal_tim.o
    0x08003998   0x08003998   0x00000022   Code   RO         2294    i.TIM_CCxChannelCmd  stm32f4xx_hal_tim.o
    0x080039ba   0x080039ba   0x00000016   Code   RO         2304    i.TIM_ETR_SetConfig  stm32f4xx_hal_tim.o
    0x080039d0   0x080039d0   0x00000012   Code   RO         2305    i.TIM_ITRx_SetConfig  stm32f4xx_hal_tim.o
    0x080039e2   0x080039e2   0x00000002   PAD
    0x080039e4   0x080039e4   0x00000070   Code   RO         2306    i.TIM_OC1_SetConfig  stm32f4xx_hal_tim.o
    0x08003a54   0x08003a54   0x0000007c   Code   RO         2307    i.TIM_OC2_SetConfig  stm32f4xx_hal_tim.o
    0x08003ad0   0x08003ad0   0x00000078   Code   RO         2308    i.TIM_OC3_SetConfig  stm32f4xx_hal_tim.o
    0x08003b48   0x08003b48   0x00000054   Code   RO         2309    i.TIM_OC4_SetConfig  stm32f4xx_hal_tim.o
    0x08003b9c   0x08003b9c   0x00000026   Code   RO         2311    i.TIM_TI1_ConfigInputStage  stm32f4xx_hal_tim.o
    0x08003bc2   0x08003bc2   0x00000028   Code   RO         2313    i.TIM_TI2_ConfigInputStage  stm32f4xx_hal_tim.o
    0x08003bea   0x08003bea   0x00000002   PAD
    0x08003bec   0x08003bec   0x000003d0   Code   RO         4247    i.Topic_1           topic.o
    0x08003fbc   0x08003fbc   0x00001710   Code   RO         4248    i.Topic_2           topic.o
    0x080056cc   0x080056cc   0x0000287c   Code   RO         4250    i.Topic_4           topic.o
    0x08007f48   0x08007f48   0x000027d8   Code   RO         4251    i.Topic_5           topic.o
    0x0800a720   0x0800a720   0x0000008c   Code   RO         4252    i.Topic_6           topic.o
    0x0800a7ac   0x0800a7ac   0x00000014   Code   RO         3225    i.UART_DMAAbortOnError  stm32f4xx_hal_uart.o
    0x0800a7c0   0x0800a7c0   0x00000050   Code   RO         3226    i.UART_DMAError     stm32f4xx_hal_uart.o
    0x0800a810   0x0800a810   0x000000b4   Code   RO         3227    i.UART_DMAReceiveCplt  stm32f4xx_hal_uart.o
    0x0800a8c4   0x0800a8c4   0x00000024   Code   RO         3229    i.UART_DMARxHalfCplt  stm32f4xx_hal_uart.o
    0x0800a8e8   0x0800a8e8   0x0000006c   Code   RO         3235    i.UART_EndRxTransfer  stm32f4xx_hal_uart.o
    0x0800a954   0x0800a954   0x00000020   Code   RO         3236    i.UART_EndTransmit_IT  stm32f4xx_hal_uart.o
    0x0800a974   0x0800a974   0x00000026   Code   RO         3237    i.UART_EndTxTransfer  stm32f4xx_hal_uart.o
    0x0800a99a   0x0800a99a   0x000000fc   Code   RO         3238    i.UART_Receive_IT   stm32f4xx_hal_uart.o
    0x0800aa96   0x0800aa96   0x00000002   PAD
    0x0800aa98   0x0800aa98   0x0000022c   Code   RO         3239    i.UART_SetConfig    stm32f4xx_hal_uart.o
    0x0800acc4   0x0800acc4   0x000000c8   Code   RO         3240    i.UART_Start_Receive_DMA  stm32f4xx_hal_uart.o
    0x0800ad8c   0x0800ad8c   0x00000060   Code   RO         3242    i.UART_Transmit_IT  stm32f4xx_hal_uart.o
    0x0800adec   0x0800adec   0x00000010   Code   RO          553    i.USART1_IRQHandler  stm32f4xx_it.o
    0x0800adfc   0x0800adfc   0x00000010   Code   RO          554    i.USART2_IRQHandler  stm32f4xx_it.o
    0x0800ae0c   0x0800ae0c   0x00000010   Code   RO          555    i.USART3_IRQHandler  stm32f4xx_it.o
    0x0800ae1c   0x0800ae1c   0x00000004   Code   RO          556    i.UsageFault_Handler  stm32f4xx_it.o
    0x0800ae20   0x0800ae20   0x00000010   Code   RO         1813    i.__NVIC_GetPriorityGrouping  stm32f4xx_hal_cortex.o
    0x0800ae30   0x0800ae30   0x00000028   Code   RO         1814    i.__NVIC_SetPriority  stm32f4xx_hal_cortex.o
    0x0800ae58   0x0800ae58   0x00000064   Code   RO         4313    i.checkWin          ds.o
    0x0800aebc   0x0800aebc   0x00000074   Code   RO         3993    i.chess_reset       pwm.o
    0x0800af30   0x0800af30   0x0000004e   Code   RO         4314    i.findBestMove      ds.o
    0x0800af7e   0x0800af7e   0x00000002   PAD
    0x0800af80   0x0800af80   0x000000a0   Code   RO         4145    i.find_mischess     chess.o
    0x0800b020   0x0800b020   0x0000001c   Code   RO         4315    i.isBoardFull       ds.o
    0x0800b03c   0x0800b03c   0x00000120   Code   RO         3779    i.key_button        key.o
    0x0800b15c   0x0800b15c   0x00000014   Code   RO         3994    i.light_off         pwm.o
    0x0800b170   0x0800b170   0x00000014   Code   RO         3995    i.light_on          pwm.o
    0x0800b184   0x0800b184   0x000000f4   Code   RO           15    i.main              main.o
    0x0800b278   0x0800b278   0x00000a88   Code   RO         3846    i.main_menu         menu.o
    0x0800bd00   0x0800bd00   0x0000000e   Code   RO         4316    i.max               ds.o
    0x0800bd0e   0x0800bd0e   0x0000000e   Code   RO         4317    i.min               ds.o
    0x0800bd1c   0x0800bd1c   0x00000104   Code   RO         4318    i.minimax           ds.o
    0x0800be20   0x0800be20   0x00000016   Code   RO         3607    i.mypow             lcd.o
    0x0800be36   0x0800be36   0x00000002   PAD
    0x0800be38   0x0800be38   0x00000154   Code   RO         4147    i.qipan_full        chess.o
    0x0800bf8c   0x0800bf8c   0x00000044   Code   RO         4148    i.qipan_his         chess.o
    0x0800bfd0   0x0800bfd0   0x000000a0   Code   RO         4149    i.qipan_rectify     chess.o
    0x0800c070   0x0800c070   0x000000a8   Code   RO         4150    i.qipan_true        chess.o
    0x0800c118   0x0800c118   0x000000b8   Code   RO         3996    i.release_chess     pwm.o
    0x0800c1d0   0x0800c1d0   0x00000014   Code   RO         3997    i.release_it        pwm.o
    0x0800c1e4   0x0800c1e4   0x00000320   Code   RO         3998    i.reset_all         pwm.o
    0x0800c504   0x0800c504   0x00000010   Code   RO         3999    i.servo_down        pwm.o
    0x0800c514   0x0800c514   0x00000010   Code   RO         4000    i.servo_up          pwm.o
    0x0800c524   0x0800c524   0x000000b8   Code   RO         4001    i.take_chess        pwm.o
    0x0800c5dc   0x0800c5dc   0x00000014   Code   RO         4002    i.take_it           pwm.o
    0x0800c5f0   0x0800c5f0   0x000000ec   Code   RO         4004    i.x_move            pwm.o
    0x0800c6dc   0x0800c6dc   0x000000bc   Code   RO         4005    i.y_move            pwm.o
    0x0800c798   0x0800c798   0x0000000a   Code   RO         4685    x$fpl$fpinit        fz_wm.l(fpinit.o)
    0x0800c7a2   0x0800c7a2   0x00000008   Data   RO         1529    .constdata          stm32f4xx_hal_dma.o
    0x0800c7aa   0x0800c7aa   0x00000018   Data   RO         3557    .constdata          system_stm32f4xx.o
    0x0800c7c2   0x0800c7c2   0x0000391c   Data   RO         3608    .constdata          lcd.o
    0x080100de   0x080100de   0x00000002   PAD
    0x080100e0   0x080100e0   0x00000060   Data   RO         4320    .constdata          ds.o
    0x08010140   0x08010140   0x00000020   Data   RO         4771    Region$$Table       anon$$obj.o


    Execution Region RW_IRAM1 (Exec base: 0x20000000, Load base: 0x08010160, Size: 0x000011b8, Max: 0x0001c000, ABSOLUTE, COMPRESSED[0x00000038])

    Exec Addr    Load Addr    Size         Type   Attr      Idx    E Section Name        Object

    0x20000000   COMPRESSED   0x00000009   Data   RW         1967    .data               stm32f4xx_hal.o
    0x20000009   COMPRESSED   0x00000003   PAD
    0x2000000c   COMPRESSED   0x00000004   Data   RW         3558    .data               system_stm32f4xx.o
    0x20000010   COMPRESSED   0x00000010   Data   RW         3847    .data               menu.o
    0x20000020   COMPRESSED   0x0000016c   Data   RW         3886    .data               interrupt.o
    0x2000018c   COMPRESSED   0x0000008c   Data   RW         4007    .data               pwm.o
    0x20000218   COMPRESSED   0x00000020   Data   RW         4155    .data               chess.o
    0x20000238   COMPRESSED   0x00000008   Data   RW         4254    .data               topic.o
    0x20000240        -       0x00000058   Zero   RW          387    .bss                spi.o
    0x20000298        -       0x000000d8   Zero   RW          432    .bss                tim.o
    0x20000370        -       0x00000198   Zero   RW          491    .bss                usart.o
    0x20000508        -       0x00000028   Zero   RW         3780    .bss                key.o
    0x20000530        -       0x00000628   Zero   RW         3885    .bss                interrupt.o
    0x20000b58        -       0x00000060   Zero   RW         4627    .bss                c_w.l(libspace.o)
    0x20000bb8        -       0x00000200   Zero   RW            2    HEAP                startup_stm32f407xx.o
    0x20000db8        -       0x00000400   Zero   RW            1    STACK               startup_stm32f407xx.o


    Execution Region RW_IRAM2 (Exec base: 0x2001c000, Load base: 0x08010198, Size: 0x00000000, Max: 0x00004000, ABSOLUTE)

    **** No section assigned to this execution region ****


==============================================================================

Image component sizes


      Code (inc. data)   RO Data    RW Data    ZI Data      Debug   Object Name

       896        136          0         32          0       3513   chess.o
        72          4          0          0          0        798   dma.o
       494          6         96          0          0       4150   ds.o
       472         26          0          0          0     694243   gpio.o
      1144        194          0        364       1576       6692   interrupt.o
       288         10          0          0         40       1555   key.o
       864         22      14620          0          0       7322   lcd.o
       692         24          0          0          0       3658   lcd_init.o
       434         34          0          0          0     685116   main.o
      2696        172          0         16          0       1537   menu.o
      1820        522          0        140          0       8309   pwm.o
       204         22          0          0         88       1717   spi.o
        64         26        392          0       1536        856   startup_stm32f407xx.o
       212         36          0          9          0       9501   stm32f4xx_hal.o
       312         22          0          0          0      34423   stm32f4xx_hal_cortex.o
      1436         16          8          0          0       7138   stm32f4xx_hal_dma.o
       548         46          0          0          0       3492   stm32f4xx_hal_gpio.o
        72          4          0          0          0        886   stm32f4xx_hal_msp.o
      1820         84          0          0          0       5712   stm32f4xx_hal_rcc.o
       996         14          0          0          0       4434   stm32f4xx_hal_spi.o
      2366        142          0          0          0      16872   stm32f4xx_hal_tim.o
       184         30          0          0          0       2577   stm32f4xx_hal_tim_ex.o
      2512         28          0          0          0      14312   stm32f4xx_hal_uart.o
       162         48          0          0          0       8420   stm32f4xx_it.o
        20          6         24          4          0       1163   system_stm32f4xx.o
       848         60          0          0        216       4102   tim.o
     27584       2690          0          8          0      12802   topic.o
       732         66          0          0        408       3326   usart.o

    ----------------------------------------------------------------------
     49972       4490      15174        576       3864    1548626   Object Totals
         0          0         32          0          0          0   (incl. Generated)
        28          0          2          3          0          0   (incl. Padding)

    ----------------------------------------------------------------------

      Code (inc. data)   RO Data    RW Data    ZI Data      Debug   Library Member Name

        58          0          0          0          0          0   __dczerorl.o
         8          0          0          0          0         68   __main.o
         0          0          0          0          0          0   __rtentry.o
        12          0          0          0          0          0   __rtentry2.o
         6          0          0          0          0          0   __rtentry4.o
        52          8          0          0          0          0   __scatter.o
        28          0          0          0          0          0   __scatter_zi.o
        18          0          0          0          0         80   exit.o
         6          0          0          0          0        152   heapauxi.o
         0          0          0          0          0          0   indicate_semi.o
         2          0          0          0          0          0   libinit.o
         6          0          0          0          0          0   libinit2.o
         2          0          0          0          0          0   libshutdown.o
         2          0          0          0          0          0   libshutdown2.o
         8          4          0          0         96         68   libspace.o
       238          0          0          0          0        100   lludivv7m.o
        78          0          0          0          0         80   rt_memclr_w.o
       100          0          0          0          0         80   rt_memcpy_w.o
         2          0          0          0          0          0   rtexit.o
        10          0          0          0          0          0   rtexit2.o
        12          4          0          0          0         68   sys_exit.o
        74          0          0          0          0         80   sys_stackheap_outer.o
         2          0          0          0          0         68   use_no_semi.o
        10          0          0          0          0        116   fpinit.o

    ----------------------------------------------------------------------
       742         16          0          0         96        960   Library Totals
         8          0          0          0          0          0   (incl. Padding)

    ----------------------------------------------------------------------

      Code (inc. data)   RO Data    RW Data    ZI Data      Debug   Library Name

       724         16          0          0         96        844   c_w.l
        10          0          0          0          0        116   fz_wm.l

    ----------------------------------------------------------------------
       742         16          0          0         96        960   Library Totals

    ----------------------------------------------------------------------

==============================================================================


      Code (inc. data)   RO Data    RW Data    ZI Data      Debug   

     50714       4506      15174        576       3960    1534474   Grand Totals
     50714       4506      15174         56       3960    1534474   ELF Image Totals (compressed)
     50714       4506      15174         56          0          0   ROM Totals

==============================================================================

    Total RO  Size (Code + RO Data)                65888 (  64.34kB)
    Total RW  Size (RW Data + ZI Data)              4536 (   4.43kB)
    Total ROM Size (Code + RO Data + RW Data)      65944 (  64.40kB)

==============================================================================

